// Jest Snapshot v1, https://goo.gl/fbAQLP

exports[`MessageIcon should have the correct styles 1`] = `
.circuit-0 {
  display: block;
  margin-right: 16px;
  -webkit-box-flex: 0;
  -webkit-flex-grow: 0;
  -ms-flex-positive: 0;
  flex-grow: 0;
  -webkit-flex-shrink: 0;
  -ms-flex-negative: 0;
  flex-shrink: 0;
  line-height: 0;
}

<div
  className="circuit-0 circuit-1"
/>
`;
