// Jest Snapshot v1, https://goo.gl/fbAQLP

exports[`NotificationList should render with default styles 1`] = `
.circuit-1 {
  display: -webkit-box;
  display: -webkit-flex;
  display: -ms-flexbox;
  display: flex;
  -webkit-flex-direction: column;
  -ms-flex-direction: column;
  flex-direction: column;
  width: 400px;
  max-width: 90vw;
  max-width: calc(100vw - (24px * 2));
}

.circuit-1 > * {
  margin-top: 16px;
}

.circuit-1 > *:first-child {
  margin-top: 0;
}

@media (max-width:767px) {
  .circuit-1 {
    max-width: none;
    width: 100%;
  }
}

.circuit-0 {
  background-color: #FFF;
  border-radius: 4px;
  display: -webkit-box;
  display: -webkit-flex;
  display: -ms-flexbox;
  display: flex;
  -webkit-flex-direction: column;
  -ms-flex-direction: column;
  flex-direction: column;
  -webkit-box-pack: justify;
  -webkit-justify-content: space-between;
  -ms-flex-pack: justify;
  justify-content: space-between;
  box-shadow: 0 0 0 1px rgba(12,15,20,0.07), 0 2px 2px 0 rgba(12,15,20,0.07),0 4px 4px 0 rgba(12,15,20,0.07);
  padding: 16px 16px;
}

<ul
  aria-live="polite"
  class="circuit-1"
>
  <li
    class="circuit-0"
    spacing="mega"
  >
    <p>
      This is a notification.
    </p>
  </li>
</ul>
`;
