// Jest Snapshot v1, https://goo.gl/fbAQLP

exports[`HamburgerButton styles should render with default styles 1`] = `
.circuit-2 {
  outline: none;
  display: -webkit-box;
  display: -webkit-flex;
  display: -ms-flexbox;
  display: flex;
  -webkit-box-pack: center;
  -webkit-justify-content: center;
  -ms-flex-pack: center;
  justify-content: center;
  -webkit-align-items: center;
  -webkit-box-align: center;
  -ms-flex-align: center;
  align-items: center;
  height: 32px;
  width: 32px;
  border: 1px solid #5C656F;
  border-radius: 50%;
  background-color: #212933;
  cursor: pointer;
}

.circuit-0 {
  border: 0px;
  -webkit-clip: rect(0 0 0 0);
  clip: rect(0 0 0 0);
  -webkit-clip-path: inset(50%);
  clip-path: inset(50%);
  height: 1px;
  margin: -1px;
  overflow: hidden;
  padding: 0px;
  position: absolute;
  white-space: nowrap;
  width: 1px;
}

<button
  className="circuit-2 circuit-3"
  onClick={[MockFunction]}
>
  <span
    className="circuit-0 circuit-1"
    data-selector="accessibility-label"
  >
    hamburger-label
  </span>
  <div>
    hamburger.svg
  </div>
</button>
`;
