// Jest Snapshot v1, https://goo.gl/fbAQLP

exports[`PaymentMethodIcon should render with default styles 1`] = `
.circuit-0 {
  height: 16px;
  width: auto;
}

<div>
  <div
    className="circuit-0 circuit-1"
    size="kilo"
  >
    <div>
      amex.svg
    </div>
  </div>
  <div
    className="circuit-0 circuit-1"
    size="kilo"
  >
    <div>
      diners.svg
    </div>
  </div>
  <div
    className="circuit-0 circuit-1"
    size="kilo"
  >
    <div>
      discover.svg
    </div>
  </div>
  <div
    className="circuit-0 circuit-1"
    size="kilo"
  >
    <div>
      ec.svg
    </div>
  </div>
  <div
    className="circuit-0 circuit-1"
    size="kilo"
  >
    <div>
      elo.svg
    </div>
  </div>
  <div
    className="circuit-0 circuit-1"
    size="kilo"
  >
    <div>
      elv.svg
    </div>
  </div>
  <div
    className="circuit-0 circuit-1"
    size="kilo"
  >
    <div>
      hiper.svg
    </div>
  </div>
  <div
    className="circuit-0 circuit-1"
    size="kilo"
  >
    <div>
      hipercard.svg
    </div>
  </div>
  <div
    className="circuit-0 circuit-1"
    size="kilo"
  >
    <div>
      jcb.svg
    </div>
  </div>
  <div
    className="circuit-0 circuit-1"
    size="kilo"
  >
    <div>
      maestro.svg
    </div>
  </div>
  <div
    className="circuit-0 circuit-1"
    size="kilo"
  >
    <div>
      mastercard.svg
    </div>
  </div>
  <div
    className="circuit-0 circuit-1"
    size="kilo"
  >
    <div>
      visa-electron.svg
    </div>
  </div>
  <div
    className="circuit-0 circuit-1"
    size="kilo"
  >
    <div>
      visa.svg
    </div>
  </div>
  <div
    className="circuit-0 circuit-1"
    size="kilo"
  >
    <div>
      vpay.svg
    </div>
  </div>
  <div
    className="circuit-0 circuit-1"
    size="kilo"
  >
    <div>
      unknown.svg
    </div>
  </div>
  <div
    className="circuit-0 circuit-1"
    size="kilo"
  >
    <div>
      cash.svg
    </div>
  </div>
</div>
`;
