// Jest Snapshot v1, https://goo.gl/fbAQLP

exports[`Header styles should render with default styles 1`] = `
.circuit-0 {
  display: -webkit-box;
  display: -webkit-flex;
  display: -ms-flexbox;
  display: flex;
  -webkit-align-self: flex-start;
  -ms-flex-item-align: start;
  align-self: flex-start;
  -webkit-align-items: center;
  -webkit-box-align: center;
  -ms-flex-align: center;
  align-items: center;
  -webkit-box-pack: start;
  -webkit-justify-content: flex-start;
  -ms-flex-pack: start;
  justify-content: flex-start;
  min-height: 64px;
  width: 100%;
  padding: 16px;
  background-color: #000;
  color: #FAFBFC;
}

<header
  class="circuit-0 circuit-1"
/>
`;
