// Jest Snapshot v1, https://goo.gl/fbAQLP

exports[`PageButton styles should render with default styles 1`] = `
.circuit-1 {
  display: -webkit-box;
  display: -webkit-flex;
  display: -ms-flexbox;
  display: flex;
  -webkit-align-items: center;
  -webkit-box-align: center;
  -ms-flex-align: center;
  align-items: center;
  -webkit-box-pack: center;
  -webkit-justify-content: center;
  -ms-flex-pack: center;
  justify-content: center;
  width: auto;
  height: auto;
  cursor: pointer;
  font-size: 16px;
  line-height: 24px;
  text-align: center;
  -webkit-text-decoration: none;
  text-decoration: none;
  font-weight: 700;
  border-radius: 5px;
  border-width: 1px;
  border-style: solid;
  background-color: #3388FF;
  border-color: #3388FF;
  color: #FFFFFF;
  padding: 4px calc(16px - 1px);
  border-radius: 0;
  border-right: 0;
  font-weight: 400;
  border-color: #D8DDE1;
  font-weight: bold;
  pointer-events: none;
}

.circuit-1:focus {
  outline: 0;
  box-shadow: 0 0 0 4px #AFD0FE;
}

.circuit-1:focus::-moz-focus-inner {
  border: 0;
}

.circuit-1:disabled,
.circuit-1[disabled] {
  opacity: 0.5;
  pointer-events: none;
  box-shadow: none;
}

.circuit-1:hover {
  background-color: #1760CE;
  border-color: #1760CE;
}

.circuit-1:active {
  background-color: #003C8B;
  border-color: #003C8B;
}

.circuit-1:focus {
  border-color: #D8DDE1;
  border-width: 1px;
  padding: 4px 16px;
}

.circuit-1:hover {
  box-shadow: 1px 0 0 #9DA7B1;
  z-index: 1;
}

.circuit-1:hover:focus {
  box-shadow: none;
}

.circuit-1:hover {
  border-color: #D8DDE1;
  box-shadow: none;
}

<button
  class="circuit-0 circuit-1"
/>
`;
