// Jest Snapshot v1, https://goo.gl/fbAQLP

exports[`SchemeIcon should render with default styles 1`] = `
.circuit-0 {
  width: auto;
}

<div>
  <div
    className="circuit-0 circuit-1"
    size={
      Array [
        "byte",
        "kilo",
        "mega",
        "giga",
      ]
    }
  >
    <div>
      amex.svg
    </div>
  </div>
  <div
    className="circuit-0 circuit-1"
    size={
      Array [
        "byte",
        "kilo",
        "mega",
        "giga",
      ]
    }
  >
    <div>
      diners.svg
    </div>
  </div>
  <div
    className="circuit-0 circuit-1"
    size={
      Array [
        "byte",
        "kilo",
        "mega",
        "giga",
      ]
    }
  >
    <div>
      discover.svg
    </div>
  </div>
  <div
    className="circuit-0 circuit-1"
    size={
      Array [
        "byte",
        "kilo",
        "mega",
        "giga",
      ]
    }
  >
    <div>
      ec.svg
    </div>
  </div>
  <div
    className="circuit-0 circuit-1"
    size={
      Array [
        "byte",
        "kilo",
        "mega",
        "giga",
      ]
    }
  >
    <div>
      elo.svg
    </div>
  </div>
  <div
    className="circuit-0 circuit-1"
    size={
      Array [
        "byte",
        "kilo",
        "mega",
        "giga",
      ]
    }
  >
    <div>
      elv.svg
    </div>
  </div>
  <div
    className="circuit-0 circuit-1"
    size={
      Array [
        "byte",
        "kilo",
        "mega",
        "giga",
      ]
    }
  >
    <div>
      hiper.svg
    </div>
  </div>
  <div
    className="circuit-0 circuit-1"
    size={
      Array [
        "byte",
        "kilo",
        "mega",
        "giga",
      ]
    }
  >
    <div>
      hipercard.svg
    </div>
  </div>
  <div
    className="circuit-0 circuit-1"
    size={
      Array [
        "byte",
        "kilo",
        "mega",
        "giga",
      ]
    }
  >
    <div>
      jcb.svg
    </div>
  </div>
  <div
    className="circuit-0 circuit-1"
    size={
      Array [
        "byte",
        "kilo",
        "mega",
        "giga",
      ]
    }
  >
    <div>
      maestro.svg
    </div>
  </div>
  <div
    className="circuit-0 circuit-1"
    size={
      Array [
        "byte",
        "kilo",
        "mega",
        "giga",
      ]
    }
  >
    <div>
      mastercard.svg
    </div>
  </div>
  <div
    className="circuit-0 circuit-1"
    size={
      Array [
        "byte",
        "kilo",
        "mega",
        "giga",
      ]
    }
  >
    <div>
      visa-electron.svg
    </div>
  </div>
  <div
    className="circuit-0 circuit-1"
    size={
      Array [
        "byte",
        "kilo",
        "mega",
        "giga",
      ]
    }
  >
    <div>
      visa.svg
    </div>
  </div>
  <div
    className="circuit-0 circuit-1"
    size={
      Array [
        "byte",
        "kilo",
        "mega",
        "giga",
      ]
    }
  >
    <div>
      vpay.svg
    </div>
  </div>
  <div
    className="circuit-0 circuit-1"
    size={
      Array [
        "byte",
        "kilo",
        "mega",
        "giga",
      ]
    }
  >
    <div>
      unknown.svg
    </div>
  </div>
</div>
`;
