// Jest Snapshot v1, https://goo.gl/fbAQLP

exports[`TableHead Style tests should render with default styles 1`] = `
.circuit-9 {
  vertical-align: middle;
}

tbody .circuit-9:last-child th,
tbody .circuit-9:last-child td {
  border-bottom: none;
}

.circuit-3 {
  background-color: #FFFFFF;
  border-bottom: 1px solid #D8DDE1;
  padding: 24px;
  text-align: left;
  -webkit-transition: background-color 200ms ease-in-out,color 200ms ease-in-out;
  transition: background-color 200ms ease-in-out,color 200ms ease-in-out;
  white-space: nowrap;
  color: #5C656F;
  font-size: 13px;
  font-weight: 700;
  padding: 8px 24px;
  vertical-align: middle;
  cursor: pointer;
  position: relative;
  -webkit-user-select: none;
  -moz-user-select: none;
  -ms-user-select: none;
  user-select: none;
}

.circuit-3:hover {
  background-color: #FAFBFC;
  color: #3388FF;
}

.circuit-3:hover > button {
  opacity: 1;
}

.circuit-1 {
  padding: 0;
  margin: 0;
  display: inline-block;
  background-color: transparent;
  border: none;
  cursor: pointer;
  fill: #0F131A;
  overflow: initial;
  display: -webkit-box;
  display: -webkit-flex;
  display: -ms-flexbox;
  display: flex;
  -webkit-flex-direction: column;
  -ms-flex-direction: column;
  flex-direction: column;
  height: 10px;
  left: 12px;
  opacity: 0;
  position: absolute;
  top: 50%;
  -webkit-transform: translateY(-50%);
  -ms-transform: translateY(-50%);
  transform: translateY(-50%);
  -webkit-transition: opacity 200ms ease-in-out;
  transition: opacity 200ms ease-in-out;
  width: 5px;
}

.circuit-1:focus,
.circuit-1:active {
  outline: none;
}

.circuit-1 > svg {
  height: 100%;
  width: 100%;
}

.circuit-5 {
  background-color: #FFFFFF;
  border-bottom: 1px solid #D8DDE1;
  padding: 24px;
  text-align: left;
  -webkit-transition: background-color 200ms ease-in-out,color 200ms ease-in-out;
  transition: background-color 200ms ease-in-out,color 200ms ease-in-out;
  white-space: nowrap;
  color: #5C656F;
  font-size: 13px;
  font-weight: 700;
  padding: 8px 24px;
  vertical-align: middle;
}

<thead
  class="circuit-11 circuit-12"
>
  <tr
    class="circuit-9 circuit-10"
  >
    <th
      aria-sort="none"
      class="circuit-3 circuit-4"
      scope="col"
    >
      <button
        class="circuit-0 circuit-1 circuit-2"
        type="button"
      >
        <div>
          arrow.svg
        </div>
        <div>
          arrow.svg
        </div>
      </button>
      Foo
    </th>
    <th
      class="circuit-5 circuit-4"
      scope="col"
    >
      Bar
    </th>
    <th
      class="circuit-5 circuit-4"
      scope="col"
    >
      Baz
    </th>
  </tr>
</thead>
`;

exports[`TableHead Style tests should render with rowHeader styles 1`] = `
.circuit-9 {
  vertical-align: middle;
}

tbody .circuit-9:last-child th,
tbody .circuit-9:last-child td {
  border-bottom: none;
}

.circuit-3 {
  background-color: #FFFFFF;
  border-bottom: 1px solid #D8DDE1;
  padding: 24px;
  text-align: left;
  -webkit-transition: background-color 200ms ease-in-out,color 200ms ease-in-out;
  transition: background-color 200ms ease-in-out,color 200ms ease-in-out;
  white-space: nowrap;
  color: #5C656F;
  font-size: 13px;
  font-weight: 700;
  padding: 8px 24px;
  vertical-align: middle;
  cursor: pointer;
  position: relative;
  -webkit-user-select: none;
  -moz-user-select: none;
  -ms-user-select: none;
  user-select: none;
}

.circuit-3:hover {
  background-color: #FAFBFC;
  color: #3388FF;
}

.circuit-3:hover > button {
  opacity: 1;
}

.circuit-1 {
  padding: 0;
  margin: 0;
  display: inline-block;
  background-color: transparent;
  border: none;
  cursor: pointer;
  fill: #0F131A;
  overflow: initial;
  display: -webkit-box;
  display: -webkit-flex;
  display: -ms-flexbox;
  display: flex;
  -webkit-flex-direction: column;
  -ms-flex-direction: column;
  flex-direction: column;
  height: 10px;
  left: 12px;
  opacity: 0;
  position: absolute;
  top: 50%;
  -webkit-transform: translateY(-50%);
  -ms-transform: translateY(-50%);
  transform: translateY(-50%);
  -webkit-transition: opacity 200ms ease-in-out;
  transition: opacity 200ms ease-in-out;
  width: 5px;
}

.circuit-1:focus,
.circuit-1:active {
  outline: none;
}

.circuit-1 > svg {
  height: 100%;
  width: 100%;
}

.circuit-5 {
  background-color: #FFFFFF;
  border-bottom: 1px solid #D8DDE1;
  padding: 24px;
  text-align: left;
  -webkit-transition: background-color 200ms ease-in-out,color 200ms ease-in-out;
  transition: background-color 200ms ease-in-out,color 200ms ease-in-out;
  white-space: nowrap;
  color: #5C656F;
  font-size: 13px;
  font-weight: 700;
  padding: 8px 24px;
  vertical-align: middle;
}

<thead
  class="circuit-11 circuit-12"
>
  <tr
    class="circuit-9 circuit-10"
  >
    <th
      aria-sort="none"
      class="circuit-3 circuit-4"
      scope="col"
    >
      <button
        class="circuit-0 circuit-1 circuit-2"
        type="button"
      >
        <div>
          arrow.svg
        </div>
        <div>
          arrow.svg
        </div>
      </button>
      Foo
    </th>
    <th
      class="circuit-5 circuit-4"
      scope="col"
    >
      Bar
    </th>
    <th
      class="circuit-5 circuit-4"
      scope="col"
    >
      Baz
    </th>
  </tr>
</thead>
`;
