// Jest Snapshot v1, https://goo.gl/fbAQLP

exports[`TableHead Style tests should render with default styles 1`] = `
.circuit-12 {
  vertical-align: middle;
}

tbody .circuit-12:last-child th,
tbody .circuit-12:last-child td {
  border-bottom: none;
}

.circuit-6 {
  background-color: #FFF;
  border-bottom: 1px solid #E6E6E6;
  padding: 24px;
  text-align: left;
  -webkit-transition: background-color 120ms ease-in-out,color 120ms ease-in-out;
  transition: background-color 120ms ease-in-out,color 120ms ease-in-out;
  white-space: nowrap;
  color: #333333;
  font-size: 13px;
  font-weight: 700;
  padding: 8px 24px;
  vertical-align: middle;
  cursor: pointer;
  position: relative;
  -webkit-user-select: none;
  -moz-user-select: none;
  -ms-user-select: none;
  user-select: none;
}

.circuit-6:focus-within::after {
  content: '';
  display: block;
  width: 100%;
  height: 100%;
  position: absolute;
  top: 0;
  right: 0;
  bottom: 0;
  left: 0;
  z-index: 1;
  outline: 0;
  box-shadow: 0 0 0 4px #AFD0FE;
}

.circuit-6:focus-within::after::-moz-focus-inner {
  border: 0;
}

.circuit-6:focus-within,
.circuit-6:hover {
  background-color: #FAFBFC;
  color: #3063E9;
}

.circuit-6:focus-within > button,
.circuit-6:hover > button {
  opacity: 1;
}

.circuit-4 {
  display: -webkit-box;
  display: -webkit-flex;
  display: -ms-flexbox;
  display: flex;
  -webkit-flex-direction: column;
  -ms-flex-direction: column;
  flex-direction: column;
  -webkit-box-pack: center;
  -webkit-justify-content: center;
  -ms-flex-pack: center;
  justify-content: center;
  height: 40px;
  width: 20px;
  position: absolute;
  left: 0;
  top: 50%;
  opacity: 0;
  -webkit-transform: translateY(-50%);
  -ms-transform: translateY(-50%);
  transform: translateY(-50%);
  -webkit-transition: opacity 120ms ease-in-out;
  transition: opacity 120ms ease-in-out;
  color: #3063E9;
  border: 0;
  background: none;
  outline: 0;
  padding: 0;
  margin: 0;
  cursor: pointer;
}

.circuit-4:focus {
  opacity: 1;
}

.circuit-4:focus::-moz-focus-inner {
  border: 0;
}

.circuit-0 {
  margin-top: -3px;
  margin-bottom: -3px;
}

.circuit-2 {
  border: 0;
  -webkit-clip: rect(0 0 0 0);
  clip: rect(0 0 0 0);
  height: 1px;
  margin: -1px;
  overflow: hidden;
  padding: 0;
  position: absolute;
  white-space: nowrap;
  width: 1px;
}

.circuit-8 {
  background-color: #FFF;
  border-bottom: 1px solid #E6E6E6;
  padding: 24px;
  text-align: left;
  -webkit-transition: background-color 120ms ease-in-out,color 120ms ease-in-out;
  transition: background-color 120ms ease-in-out,color 120ms ease-in-out;
  white-space: nowrap;
  color: #333333;
  font-size: 13px;
  font-weight: 700;
  padding: 8px 24px;
  vertical-align: middle;
}

<thead
  class="circuit-14 circuit-15"
>
  <tr
    class="circuit-12 circuit-13"
  >
    <th
      aria-sort="none"
      class="circuit-6 circuit-7"
      data-testid="table-header"
    >
      <button
        class="circuit-4 circuit-5"
        role="button"
        title="Sort"
      >
        <svg
          class="circuit-0"
          fill="none"
          height="16"
          viewBox="0 0 16 16"
          width="16"
          xmlns="http://www.w3.org/2000/svg"
        >
          <path
            d="M4 10l4-4 4 4"
            stroke="currentColor"
            stroke-linecap="round"
            stroke-linejoin="round"
            stroke-width="2"
          />
        </svg>
        <svg
          class="circuit-0"
          fill="none"
          height="16"
          viewBox="0 0 16 16"
          width="16"
          xmlns="http://www.w3.org/2000/svg"
        >
          <path
            d="M4 6l4 4 4-4"
            stroke="currentColor"
            stroke-linecap="round"
            stroke-linejoin="round"
            stroke-width="2"
          />
        </svg>
        <span
          class="circuit-2 circuit-3"
        >
          Sort
        </span>
      </button>
      Foo
    </th>
    <th
      class="circuit-8 circuit-7"
      data-testid="table-header"
    >
      Bar
    </th>
    <th
      class="circuit-8 circuit-7"
      data-testid="table-header"
    >
      Baz
    </th>
  </tr>
</thead>
`;

exports[`TableHead Style tests should render with rowHeader styles 1`] = `
.circuit-12 {
  vertical-align: middle;
}

tbody .circuit-12:last-child th,
tbody .circuit-12:last-child td {
  border-bottom: none;
}

.circuit-6 {
  background-color: #FFF;
  border-bottom: 1px solid #E6E6E6;
  padding: 24px;
  text-align: left;
  -webkit-transition: background-color 120ms ease-in-out,color 120ms ease-in-out;
  transition: background-color 120ms ease-in-out,color 120ms ease-in-out;
  white-space: nowrap;
  color: #333333;
  font-size: 13px;
  font-weight: 700;
  padding: 8px 24px;
  vertical-align: middle;
  cursor: pointer;
  position: relative;
  -webkit-user-select: none;
  -moz-user-select: none;
  -ms-user-select: none;
  user-select: none;
}

.circuit-6:focus-within::after {
  content: '';
  display: block;
  width: 100%;
  height: 100%;
  position: absolute;
  top: 0;
  right: 0;
  bottom: 0;
  left: 0;
  z-index: 1;
  outline: 0;
  box-shadow: 0 0 0 4px #AFD0FE;
}

.circuit-6:focus-within::after::-moz-focus-inner {
  border: 0;
}

.circuit-6:focus-within,
.circuit-6:hover {
  background-color: #FAFBFC;
  color: #3063E9;
}

.circuit-6:focus-within > button,
.circuit-6:hover > button {
  opacity: 1;
}

.circuit-4 {
  display: -webkit-box;
  display: -webkit-flex;
  display: -ms-flexbox;
  display: flex;
  -webkit-flex-direction: column;
  -ms-flex-direction: column;
  flex-direction: column;
  -webkit-box-pack: center;
  -webkit-justify-content: center;
  -ms-flex-pack: center;
  justify-content: center;
  height: 40px;
  width: 20px;
  position: absolute;
  left: 0;
  top: 50%;
  opacity: 0;
  -webkit-transform: translateY(-50%);
  -ms-transform: translateY(-50%);
  transform: translateY(-50%);
  -webkit-transition: opacity 120ms ease-in-out;
  transition: opacity 120ms ease-in-out;
  color: #3063E9;
  border: 0;
  background: none;
  outline: 0;
  padding: 0;
  margin: 0;
  cursor: pointer;
}

.circuit-4:focus {
  opacity: 1;
}

.circuit-4:focus::-moz-focus-inner {
  border: 0;
}

.circuit-0 {
  margin-top: -3px;
  margin-bottom: -3px;
}

.circuit-2 {
  border: 0;
  -webkit-clip: rect(0 0 0 0);
  clip: rect(0 0 0 0);
  height: 1px;
  margin: -1px;
  overflow: hidden;
  padding: 0;
  position: absolute;
  white-space: nowrap;
  width: 1px;
}

.circuit-8 {
  background-color: #FFF;
  border-bottom: 1px solid #E6E6E6;
  padding: 24px;
  text-align: left;
  -webkit-transition: background-color 120ms ease-in-out,color 120ms ease-in-out;
  transition: background-color 120ms ease-in-out,color 120ms ease-in-out;
  white-space: nowrap;
  color: #333333;
  font-size: 13px;
  font-weight: 700;
  padding: 8px 24px;
  vertical-align: middle;
}

<thead
  class="circuit-14 circuit-15"
>
  <tr
    class="circuit-12 circuit-13"
  >
    <th
      aria-sort="none"
      class="circuit-6 circuit-7"
      data-testid="table-header"
    >
      <button
        class="circuit-4 circuit-5"
        role="button"
        title="Sort"
      >
        <svg
          class="circuit-0"
          fill="none"
          height="16"
          viewBox="0 0 16 16"
          width="16"
          xmlns="http://www.w3.org/2000/svg"
        >
          <path
            d="M4 10l4-4 4 4"
            stroke="currentColor"
            stroke-linecap="round"
            stroke-linejoin="round"
            stroke-width="2"
          />
        </svg>
        <svg
          class="circuit-0"
          fill="none"
          height="16"
          viewBox="0 0 16 16"
          width="16"
          xmlns="http://www.w3.org/2000/svg"
        >
          <path
            d="M4 6l4 4 4-4"
            stroke="currentColor"
            stroke-linecap="round"
            stroke-linejoin="round"
            stroke-width="2"
          />
        </svg>
        <span
          class="circuit-2 circuit-3"
        >
          Sort
        </span>
      </button>
      Foo
    </th>
    <th
      class="circuit-8 circuit-7"
      data-testid="table-header"
    >
      Bar
    </th>
    <th
      class="circuit-8 circuit-7"
      data-testid="table-header"
    >
      Baz
    </th>
  </tr>
</thead>
`;
