// Jest Snapshot v1, https://goo.gl/fbAQLP

exports[`Spinner should render with default styles 1`] = `
@keyframes animation-0 {
  0% {
    -webkit-transform: rotate(0deg);
    -ms-transform: rotate(0deg);
    transform: rotate(0deg);
  }

  100% {
    -webkit-transform: rotate(360deg);
    -ms-transform: rotate(360deg);
    transform: rotate(360deg);
  }
}

.circuit-0 {
  display: block;
  width: 24px;
  height: 24px;
  border-radius: 100%;
  border: 2px solid currentColor;
  border-top-color: transparent;
  -webkit-animation: animation-0 1s infinite linear;
  animation: animation-0 1s infinite linear;
  -webkit-transform-origin: 50% 50%;
  -ms-transform-origin: 50% 50%;
  transform-origin: 50% 50%;
}

<span
  class="circuit-0"
/>
`;
