// Jest Snapshot v1, https://goo.gl/fbAQLP

exports[`SvgButton should render with the default styles 1`] = `
.circuit-0 {
  padding: 0;
  margin: 0;
  display: inline-block;
  background-color: transparent;
  border: none;
  cursor: pointer;
  fill: #0F131A;
}

.circuit-0:focus,
.circuit-0:active {
  outline: none;
}

.circuit-0 > svg {
  height: 100%;
  width: 100%;
}

<button
  className="circuit-0 circuit-1"
  type="button"
>
  <div>
    SVG here
  </div>
</button>
`;
