// Jest Snapshot v1, https://goo.gl/fbAQLP

exports[`SelectorGroup should render with default styles 1`] = `
.circuit-0 {
  border: 0;
  -webkit-clip: rect(0 0 0 0);
  clip: rect(0 0 0 0);
  height: 1px;
  margin: -1px;
  overflow: hidden;
  padding: 0;
  position: absolute;
  white-space: nowrap;
  width: 1px;
}

.circuit-0:focus + label::before {
  outline: 0;
  box-shadow: 0 0 0 4px #AFD0FE;
}

.circuit-0:focus + label::before::-moz-focus-inner {
  border: 0;
}

.circuit-0:checked + label {
  background-color: #F0F6FF;
}

.circuit-0:checked + label::before {
  border: 2px solid #3063E9;
}

.circuit-1 {
  display: block;
  cursor: pointer;
  padding: 16px 24px;
  border-radius: 6px;
  background-color: #FFF;
  text-align: center;
  position: relative;
  margin-bottom: 16px;
}

.circuit-1::before {
  display: block;
  content: '';
  position: absolute;
  top: 0;
  right: 0;
  bottom: 0;
  left: 0;
  width: 100%;
  height: 100%;
  border-radius: 6px;
  border: 1px solid #E6E6E6;
  -webkit-transition: border 0.1s ease-in-out;
  transition: border 0.1s ease-in-out;
}

.circuit-1:hover {
  background-color: #FAFBFC;
}

.circuit-1:hover::before {
  border-color: #999999;
}

.circuit-1:active {
  background-color: #F5F5F5;
}

.circuit-1:active::before {
  border-color: #333333;
}

<div
  aria-label="Choose an option"
  role="group"
>
  <input
    class="circuit-0"
    id="selector_2"
    name="selector-group_1"
    type="radio"
    value="first"
  />
  <label
    class="circuit-1"
    for="selector_2"
  >
    Option 1
  </label>
  <input
    class="circuit-0"
    id="selector_3"
    name="selector-group_1"
    type="radio"
    value="second"
  />
  <label
    class="circuit-1"
    for="selector_3"
  >
    Option 2
  </label>
  <input
    class="circuit-0"
    id="selector_4"
    name="selector-group_1"
    type="radio"
    value="third"
  />
  <label
    class="circuit-1"
    for="selector_4"
  >
    Option 3
  </label>
</div>
`;
