// Jest Snapshot v1, https://goo.gl/fbAQLP

exports[`IconButton should render with the default styles 1`] = `
.circuit-2 {
  padding: 0;
  margin: 0;
  display: inline-block;
  background-color: transparent;
  border: none;
  cursor: pointer;
  fill: #0F131A;
  overflow: initial;
}

.circuit-2:focus,
.circuit-2:active {
  outline: none;
}

.circuit-2 > svg {
  height: 100%;
  width: 100%;
}

.circuit-0 {
  border: 0;
  -webkit-clip: rect(0 0 0 0);
  clip: rect(0 0 0 0);
  height: 1px;
  margin: -1px;
  overflow: hidden;
  padding: 0;
  position: absolute;
  white-space: nowrap;
  width: 1px;
}

<button
  class="circuit-2 circuit-3"
  type="button"
>
  <div
    role="presentation"
  >
    SVG here
  </div>
  <span
    class="circuit-0 circuit-1"
  >
    A fake SVG
  </span>
</button>
`;
