// Jest Snapshot v1, https://goo.gl/fbAQLP

exports[`Pagination styles With 5 or less pages should render only the number of pages passed and the next and previous buttons 1`] = `
.circuit-14 {
  display: -webkit-box;
  display: -webkit-flex;
  display: -ms-flexbox;
  display: flex;
  -webkit-align-items: center;
  -webkit-box-align: center;
  -ms-flex-align: center;
  align-items: center;
  width: 100%;
  padding: 12px;
}

.circuit-1 {
  display: -webkit-box;
  display: -webkit-flex;
  display: -ms-flexbox;
  display: flex;
  -webkit-align-items: center;
  -webkit-box-align: center;
  -ms-flex-align: center;
  align-items: center;
  -webkit-box-pack: center;
  -webkit-justify-content: center;
  -ms-flex-pack: center;
  justify-content: center;
  width: auto;
  height: auto;
  cursor: pointer;
  font-size: 16px;
  line-height: 24px;
  text-align: center;
  -webkit-text-decoration: none;
  text-decoration: none;
  font-weight: 700;
  border-radius: 5px;
  border-width: 1px;
  border-style: solid;
  -webkit-transition: opacity 200ms ease-in-out;
  transition: opacity 200ms ease-in-out;
  background-color: #FFFFFF;
  border-color: #9DA7B1;
  color: #323E49;
  padding: 4px calc(16px - 1px);
  border-top-right-radius: 0;
  border-bottom-right-radius: 0;
  border-right: 0;
}

.circuit-1:focus {
  outline: 0;
  box-shadow: 0 0 0 4px #AFD0FE;
}

.circuit-1:focus::-moz-focus-inner {
  border: 0;
}

.circuit-1:disabled,
.circuit-1[disabled] {
  opacity: 0.5;
  pointer-events: none;
  box-shadow: none;
}

.circuit-1:hover {
  background-color: #FAFBFC;
  border-color: #5C656F;
}

.circuit-1:active {
  background-color: #EEF0F2;
  border-color: #5C656F;
}

.circuit-1:hover {
  box-shadow: 1px 0 0 #9DA7B1;
  z-index: 1;
}

.circuit-3 {
  display: -webkit-box;
  display: -webkit-flex;
  display: -ms-flexbox;
  display: flex;
  -webkit-align-items: center;
  -webkit-box-align: center;
  -ms-flex-align: center;
  align-items: center;
  -webkit-box-pack: center;
  -webkit-justify-content: center;
  -ms-flex-pack: center;
  justify-content: center;
  width: auto;
  height: auto;
  cursor: pointer;
  font-size: 16px;
  line-height: 24px;
  text-align: center;
  -webkit-text-decoration: none;
  text-decoration: none;
  font-weight: 700;
  border-radius: 5px;
  border-width: 1px;
  border-style: solid;
  -webkit-transition: opacity 200ms ease-in-out;
  transition: opacity 200ms ease-in-out;
  background-color: #3388FF;
  border-color: #3388FF;
  color: #FFFFFF;
  padding: 4px calc(16px - 1px);
  border-radius: 0;
  border-right: 0;
  font-weight: 400;
  border-color: #D8DDE1;
  font-weight: bold;
  pointer-events: none;
}

.circuit-3:focus {
  outline: 0;
  box-shadow: 0 0 0 4px #AFD0FE;
}

.circuit-3:focus::-moz-focus-inner {
  border: 0;
}

.circuit-3:disabled,
.circuit-3[disabled] {
  opacity: 0.5;
  pointer-events: none;
  box-shadow: none;
}

.circuit-3:hover {
  background-color: #1760CE;
  border-color: #1760CE;
}

.circuit-3:active {
  background-color: #003C8B;
  border-color: #003C8B;
}

.circuit-3:focus {
  border-color: #D8DDE1;
  border-width: 1px;
  padding: 4px 16px;
}

.circuit-3:hover {
  box-shadow: 1px 0 0 #9DA7B1;
  z-index: 1;
}

.circuit-3:hover:focus {
  box-shadow: none;
}

.circuit-3:hover {
  border-color: #D8DDE1;
  box-shadow: none;
}

.circuit-5 {
  display: -webkit-box;
  display: -webkit-flex;
  display: -ms-flexbox;
  display: flex;
  -webkit-align-items: center;
  -webkit-box-align: center;
  -ms-flex-align: center;
  align-items: center;
  -webkit-box-pack: center;
  -webkit-justify-content: center;
  -ms-flex-pack: center;
  justify-content: center;
  width: auto;
  height: auto;
  cursor: pointer;
  font-size: 16px;
  line-height: 24px;
  text-align: center;
  -webkit-text-decoration: none;
  text-decoration: none;
  font-weight: 700;
  border-radius: 5px;
  border-width: 1px;
  border-style: solid;
  -webkit-transition: opacity 200ms ease-in-out;
  transition: opacity 200ms ease-in-out;
  background-color: #FFFFFF;
  border-color: #9DA7B1;
  color: #323E49;
  padding: 4px calc(16px - 1px);
  border-radius: 0;
  border-right: 0;
  font-weight: 400;
  border-color: #D8DDE1;
}

.circuit-5:focus {
  outline: 0;
  box-shadow: 0 0 0 4px #AFD0FE;
}

.circuit-5:focus::-moz-focus-inner {
  border: 0;
}

.circuit-5:disabled,
.circuit-5[disabled] {
  opacity: 0.5;
  pointer-events: none;
  box-shadow: none;
}

.circuit-5:hover {
  background-color: #FAFBFC;
  border-color: #5C656F;
}

.circuit-5:active {
  background-color: #EEF0F2;
  border-color: #5C656F;
}

.circuit-5:focus {
  border-color: #D8DDE1;
  border-width: 1px;
  padding: 4px 16px;
}

.circuit-5:hover {
  box-shadow: 1px 0 0 #9DA7B1;
  z-index: 1;
}

.circuit-5:hover:focus {
  box-shadow: none;
}

.circuit-13 {
  display: -webkit-box;
  display: -webkit-flex;
  display: -ms-flexbox;
  display: flex;
  -webkit-align-items: center;
  -webkit-box-align: center;
  -ms-flex-align: center;
  align-items: center;
  -webkit-box-pack: center;
  -webkit-justify-content: center;
  -ms-flex-pack: center;
  justify-content: center;
  width: auto;
  height: auto;
  cursor: pointer;
  font-size: 16px;
  line-height: 24px;
  text-align: center;
  -webkit-text-decoration: none;
  text-decoration: none;
  font-weight: 700;
  border-radius: 5px;
  border-width: 1px;
  border-style: solid;
  -webkit-transition: opacity 200ms ease-in-out;
  transition: opacity 200ms ease-in-out;
  background-color: #FFFFFF;
  border-color: #9DA7B1;
  color: #323E49;
  padding: 4px calc(16px - 1px);
  border-top-left-radius: 0;
  border-bottom-left-radius: 0;
}

.circuit-13:focus {
  outline: 0;
  box-shadow: 0 0 0 4px #AFD0FE;
}

.circuit-13:focus::-moz-focus-inner {
  border: 0;
}

.circuit-13:disabled,
.circuit-13[disabled] {
  opacity: 0.5;
  pointer-events: none;
  box-shadow: none;
}

.circuit-13:hover {
  background-color: #FAFBFC;
  border-color: #5C656F;
}

.circuit-13:active {
  background-color: #EEF0F2;
  border-color: #5C656F;
}

<div
  class="circuit-14 circuit-15"
>
  <button
    class="circuit-0 circuit-1"
    data-testid="pagination-button-previous"
    disabled=""
  >
    &lt;
  </button>
  <button
    class="circuit-2 circuit-3"
    data-testid="pagination-button-page"
    name="1"
  >
    1
  </button>
  <button
    class="circuit-2 circuit-5"
    data-testid="pagination-button-page"
    name="2"
  >
    2
  </button>
  <button
    class="circuit-2 circuit-5"
    data-testid="pagination-button-page"
    name="3"
  >
    3
  </button>
  <button
    class="circuit-2 circuit-5"
    data-testid="pagination-button-page"
    name="4"
  >
    4
  </button>
  <button
    class="circuit-2 circuit-5"
    data-testid="pagination-button-page"
    name="5"
  >
    5
  </button>
  <button
    class="circuit-12 circuit-13"
    data-testid="pagination-button-next"
  >
    &gt;
  </button>
</div>
`;

exports[`Pagination styles With more than 5 pages when user is last but one page should render with default styles and match snapshot 1`] = `
.circuit-16 {
  display: -webkit-box;
  display: -webkit-flex;
  display: -ms-flexbox;
  display: flex;
  -webkit-align-items: center;
  -webkit-box-align: center;
  -ms-flex-align: center;
  align-items: center;
  width: 100%;
  padding: 12px;
}

.circuit-1 {
  display: -webkit-box;
  display: -webkit-flex;
  display: -ms-flexbox;
  display: flex;
  -webkit-align-items: center;
  -webkit-box-align: center;
  -ms-flex-align: center;
  align-items: center;
  -webkit-box-pack: center;
  -webkit-justify-content: center;
  -ms-flex-pack: center;
  justify-content: center;
  width: auto;
  height: auto;
  cursor: pointer;
  font-size: 16px;
  line-height: 24px;
  text-align: center;
  -webkit-text-decoration: none;
  text-decoration: none;
  font-weight: 700;
  border-radius: 5px;
  border-width: 1px;
  border-style: solid;
  -webkit-transition: opacity 200ms ease-in-out;
  transition: opacity 200ms ease-in-out;
  background-color: #FFFFFF;
  border-color: #9DA7B1;
  color: #323E49;
  padding: 4px calc(16px - 1px);
  border-top-right-radius: 0;
  border-bottom-right-radius: 0;
  border-right: 0;
}

.circuit-1:focus {
  outline: 0;
  box-shadow: 0 0 0 4px #AFD0FE;
}

.circuit-1:focus::-moz-focus-inner {
  border: 0;
}

.circuit-1:disabled,
.circuit-1[disabled] {
  opacity: 0.5;
  pointer-events: none;
  box-shadow: none;
}

.circuit-1:hover {
  background-color: #FAFBFC;
  border-color: #5C656F;
}

.circuit-1:active {
  background-color: #EEF0F2;
  border-color: #5C656F;
}

.circuit-1:hover {
  box-shadow: 1px 0 0 #9DA7B1;
  z-index: 1;
}

.circuit-11 {
  display: -webkit-box;
  display: -webkit-flex;
  display: -ms-flexbox;
  display: flex;
  -webkit-align-items: center;
  -webkit-box-align: center;
  -ms-flex-align: center;
  align-items: center;
  -webkit-box-pack: center;
  -webkit-justify-content: center;
  -ms-flex-pack: center;
  justify-content: center;
  width: auto;
  height: auto;
  cursor: pointer;
  font-size: 16px;
  line-height: 24px;
  text-align: center;
  -webkit-text-decoration: none;
  text-decoration: none;
  font-weight: 700;
  border-radius: 5px;
  border-width: 1px;
  border-style: solid;
  -webkit-transition: opacity 200ms ease-in-out;
  transition: opacity 200ms ease-in-out;
  background-color: #3388FF;
  border-color: #3388FF;
  color: #FFFFFF;
  padding: 4px calc(16px - 1px);
  border-radius: 0;
  border-right: 0;
  font-weight: 400;
  border-color: #D8DDE1;
  font-weight: bold;
  pointer-events: none;
}

.circuit-11:focus {
  outline: 0;
  box-shadow: 0 0 0 4px #AFD0FE;
}

.circuit-11:focus::-moz-focus-inner {
  border: 0;
}

.circuit-11:disabled,
.circuit-11[disabled] {
  opacity: 0.5;
  pointer-events: none;
  box-shadow: none;
}

.circuit-11:hover {
  background-color: #1760CE;
  border-color: #1760CE;
}

.circuit-11:active {
  background-color: #003C8B;
  border-color: #003C8B;
}

.circuit-11:focus {
  border-color: #D8DDE1;
  border-width: 1px;
  padding: 4px 16px;
}

.circuit-11:hover {
  box-shadow: 1px 0 0 #9DA7B1;
  z-index: 1;
}

.circuit-11:hover:focus {
  box-shadow: none;
}

.circuit-11:hover {
  border-color: #D8DDE1;
  box-shadow: none;
}

.circuit-3 {
  display: -webkit-box;
  display: -webkit-flex;
  display: -ms-flexbox;
  display: flex;
  -webkit-align-items: center;
  -webkit-box-align: center;
  -ms-flex-align: center;
  align-items: center;
  -webkit-box-pack: center;
  -webkit-justify-content: center;
  -ms-flex-pack: center;
  justify-content: center;
  width: auto;
  height: auto;
  cursor: pointer;
  font-size: 16px;
  line-height: 24px;
  text-align: center;
  -webkit-text-decoration: none;
  text-decoration: none;
  font-weight: 700;
  border-radius: 5px;
  border-width: 1px;
  border-style: solid;
  -webkit-transition: opacity 200ms ease-in-out;
  transition: opacity 200ms ease-in-out;
  background-color: #FFFFFF;
  border-color: #9DA7B1;
  color: #323E49;
  padding: 4px calc(16px - 1px);
  border-radius: 0;
  border-right: 0;
  font-weight: 400;
  border-color: #D8DDE1;
}

.circuit-3:focus {
  outline: 0;
  box-shadow: 0 0 0 4px #AFD0FE;
}

.circuit-3:focus::-moz-focus-inner {
  border: 0;
}

.circuit-3:disabled,
.circuit-3[disabled] {
  opacity: 0.5;
  pointer-events: none;
  box-shadow: none;
}

.circuit-3:hover {
  background-color: #FAFBFC;
  border-color: #5C656F;
}

.circuit-3:active {
  background-color: #EEF0F2;
  border-color: #5C656F;
}

.circuit-3:focus {
  border-color: #D8DDE1;
  border-width: 1px;
  padding: 4px 16px;
}

.circuit-3:hover {
  box-shadow: 1px 0 0 #9DA7B1;
  z-index: 1;
}

.circuit-3:hover:focus {
  box-shadow: none;
}

.circuit-15 {
  display: -webkit-box;
  display: -webkit-flex;
  display: -ms-flexbox;
  display: flex;
  -webkit-align-items: center;
  -webkit-box-align: center;
  -ms-flex-align: center;
  align-items: center;
  -webkit-box-pack: center;
  -webkit-justify-content: center;
  -ms-flex-pack: center;
  justify-content: center;
  width: auto;
  height: auto;
  cursor: pointer;
  font-size: 16px;
  line-height: 24px;
  text-align: center;
  -webkit-text-decoration: none;
  text-decoration: none;
  font-weight: 700;
  border-radius: 5px;
  border-width: 1px;
  border-style: solid;
  -webkit-transition: opacity 200ms ease-in-out;
  transition: opacity 200ms ease-in-out;
  background-color: #FFFFFF;
  border-color: #9DA7B1;
  color: #323E49;
  padding: 4px calc(16px - 1px);
  border-top-left-radius: 0;
  border-bottom-left-radius: 0;
}

.circuit-15:focus {
  outline: 0;
  box-shadow: 0 0 0 4px #AFD0FE;
}

.circuit-15:focus::-moz-focus-inner {
  border: 0;
}

.circuit-15:disabled,
.circuit-15[disabled] {
  opacity: 0.5;
  pointer-events: none;
  box-shadow: none;
}

.circuit-15:hover {
  background-color: #FAFBFC;
  border-color: #5C656F;
}

.circuit-15:active {
  background-color: #EEF0F2;
  border-color: #5C656F;
}

.circuit-5 {
  display: -webkit-box;
  display: -webkit-flex;
  display: -ms-flexbox;
  display: flex;
  -webkit-align-items: center;
  -webkit-box-align: center;
  -ms-flex-align: center;
  align-items: center;
  -webkit-box-pack: center;
  -webkit-justify-content: center;
  -ms-flex-pack: center;
  justify-content: center;
  width: auto;
  height: auto;
  cursor: pointer;
  font-size: 16px;
  line-height: 24px;
  text-align: center;
  -webkit-text-decoration: none;
  text-decoration: none;
  font-weight: 700;
  border-radius: 5px;
  border-width: 1px;
  border-style: solid;
  -webkit-transition: opacity 200ms ease-in-out;
  transition: opacity 200ms ease-in-out;
  background-color: #FFFFFF;
  border-color: #9DA7B1;
  color: #323E49;
  padding: 4px calc(16px - 1px);
  border-radius: 0;
  border-right: 0;
  font-weight: 400;
  border-color: #D8DDE1;
  opacity: 1 !important;
}

.circuit-5:focus {
  outline: 0;
  box-shadow: 0 0 0 4px #AFD0FE;
}

.circuit-5:focus::-moz-focus-inner {
  border: 0;
}

.circuit-5:disabled,
.circuit-5[disabled] {
  opacity: 0.5;
  pointer-events: none;
  box-shadow: none;
}

.circuit-5:hover {
  background-color: #FAFBFC;
  border-color: #5C656F;
}

.circuit-5:active {
  background-color: #EEF0F2;
  border-color: #5C656F;
}

.circuit-5:focus {
  border-color: #D8DDE1;
  border-width: 1px;
  padding: 4px 16px;
}

.circuit-5:hover {
  box-shadow: 1px 0 0 #9DA7B1;
  z-index: 1;
}

.circuit-5:hover:focus {
  box-shadow: none;
}

.circuit-5:hover {
  border-color: #D8DDE1;
}

<div
  class="circuit-16 circuit-17"
>
  <button
    class="circuit-0 circuit-1"
    data-testid="pagination-button-previous"
  >
    &lt;
  </button>
  <button
    class="circuit-2 circuit-3"
    data-testid="pagination-button-page"
    name="1"
  >
    1
  </button>
  <button
    class="circuit-2 circuit-5"
    disabled=""
  >
    …
  </button>
  <button
    class="circuit-2 circuit-3"
    data-testid="pagination-button-page"
    name="7"
  >
    7
  </button>
  <button
    class="circuit-2 circuit-3"
    data-testid="pagination-button-page"
    name="8"
  >
    8
  </button>
  <button
    class="circuit-2 circuit-11"
    data-testid="pagination-button-page"
    name="9"
  >
    9
  </button>
  <button
    class="circuit-2 circuit-3"
    data-testid="pagination-button-page"
    name="10"
  >
    10
  </button>
  <button
    class="circuit-14 circuit-15"
    data-testid="pagination-button-next"
  >
    &gt;
  </button>
</div>
`;

exports[`Pagination styles With more than 5 pages when user is on last page should render with default styles and match snapshot 1`] = `
.circuit-16 {
  display: -webkit-box;
  display: -webkit-flex;
  display: -ms-flexbox;
  display: flex;
  -webkit-align-items: center;
  -webkit-box-align: center;
  -ms-flex-align: center;
  align-items: center;
  width: 100%;
  padding: 12px;
}

.circuit-1 {
  display: -webkit-box;
  display: -webkit-flex;
  display: -ms-flexbox;
  display: flex;
  -webkit-align-items: center;
  -webkit-box-align: center;
  -ms-flex-align: center;
  align-items: center;
  -webkit-box-pack: center;
  -webkit-justify-content: center;
  -ms-flex-pack: center;
  justify-content: center;
  width: auto;
  height: auto;
  cursor: pointer;
  font-size: 16px;
  line-height: 24px;
  text-align: center;
  -webkit-text-decoration: none;
  text-decoration: none;
  font-weight: 700;
  border-radius: 5px;
  border-width: 1px;
  border-style: solid;
  -webkit-transition: opacity 200ms ease-in-out;
  transition: opacity 200ms ease-in-out;
  background-color: #FFFFFF;
  border-color: #9DA7B1;
  color: #323E49;
  padding: 4px calc(16px - 1px);
  border-top-right-radius: 0;
  border-bottom-right-radius: 0;
  border-right: 0;
}

.circuit-1:focus {
  outline: 0;
  box-shadow: 0 0 0 4px #AFD0FE;
}

.circuit-1:focus::-moz-focus-inner {
  border: 0;
}

.circuit-1:disabled,
.circuit-1[disabled] {
  opacity: 0.5;
  pointer-events: none;
  box-shadow: none;
}

.circuit-1:hover {
  background-color: #FAFBFC;
  border-color: #5C656F;
}

.circuit-1:active {
  background-color: #EEF0F2;
  border-color: #5C656F;
}

.circuit-1:hover {
  box-shadow: 1px 0 0 #9DA7B1;
  z-index: 1;
}

.circuit-13 {
  display: -webkit-box;
  display: -webkit-flex;
  display: -ms-flexbox;
  display: flex;
  -webkit-align-items: center;
  -webkit-box-align: center;
  -ms-flex-align: center;
  align-items: center;
  -webkit-box-pack: center;
  -webkit-justify-content: center;
  -ms-flex-pack: center;
  justify-content: center;
  width: auto;
  height: auto;
  cursor: pointer;
  font-size: 16px;
  line-height: 24px;
  text-align: center;
  -webkit-text-decoration: none;
  text-decoration: none;
  font-weight: 700;
  border-radius: 5px;
  border-width: 1px;
  border-style: solid;
  -webkit-transition: opacity 200ms ease-in-out;
  transition: opacity 200ms ease-in-out;
  background-color: #3388FF;
  border-color: #3388FF;
  color: #FFFFFF;
  padding: 4px calc(16px - 1px);
  border-radius: 0;
  border-right: 0;
  font-weight: 400;
  border-color: #D8DDE1;
  font-weight: bold;
  pointer-events: none;
}

.circuit-13:focus {
  outline: 0;
  box-shadow: 0 0 0 4px #AFD0FE;
}

.circuit-13:focus::-moz-focus-inner {
  border: 0;
}

.circuit-13:disabled,
.circuit-13[disabled] {
  opacity: 0.5;
  pointer-events: none;
  box-shadow: none;
}

.circuit-13:hover {
  background-color: #1760CE;
  border-color: #1760CE;
}

.circuit-13:active {
  background-color: #003C8B;
  border-color: #003C8B;
}

.circuit-13:focus {
  border-color: #D8DDE1;
  border-width: 1px;
  padding: 4px 16px;
}

.circuit-13:hover {
  box-shadow: 1px 0 0 #9DA7B1;
  z-index: 1;
}

.circuit-13:hover:focus {
  box-shadow: none;
}

.circuit-13:hover {
  border-color: #D8DDE1;
  box-shadow: none;
}

.circuit-3 {
  display: -webkit-box;
  display: -webkit-flex;
  display: -ms-flexbox;
  display: flex;
  -webkit-align-items: center;
  -webkit-box-align: center;
  -ms-flex-align: center;
  align-items: center;
  -webkit-box-pack: center;
  -webkit-justify-content: center;
  -ms-flex-pack: center;
  justify-content: center;
  width: auto;
  height: auto;
  cursor: pointer;
  font-size: 16px;
  line-height: 24px;
  text-align: center;
  -webkit-text-decoration: none;
  text-decoration: none;
  font-weight: 700;
  border-radius: 5px;
  border-width: 1px;
  border-style: solid;
  -webkit-transition: opacity 200ms ease-in-out;
  transition: opacity 200ms ease-in-out;
  background-color: #FFFFFF;
  border-color: #9DA7B1;
  color: #323E49;
  padding: 4px calc(16px - 1px);
  border-radius: 0;
  border-right: 0;
  font-weight: 400;
  border-color: #D8DDE1;
}

.circuit-3:focus {
  outline: 0;
  box-shadow: 0 0 0 4px #AFD0FE;
}

.circuit-3:focus::-moz-focus-inner {
  border: 0;
}

.circuit-3:disabled,
.circuit-3[disabled] {
  opacity: 0.5;
  pointer-events: none;
  box-shadow: none;
}

.circuit-3:hover {
  background-color: #FAFBFC;
  border-color: #5C656F;
}

.circuit-3:active {
  background-color: #EEF0F2;
  border-color: #5C656F;
}

.circuit-3:focus {
  border-color: #D8DDE1;
  border-width: 1px;
  padding: 4px 16px;
}

.circuit-3:hover {
  box-shadow: 1px 0 0 #9DA7B1;
  z-index: 1;
}

.circuit-3:hover:focus {
  box-shadow: none;
}

.circuit-15 {
  display: -webkit-box;
  display: -webkit-flex;
  display: -ms-flexbox;
  display: flex;
  -webkit-align-items: center;
  -webkit-box-align: center;
  -ms-flex-align: center;
  align-items: center;
  -webkit-box-pack: center;
  -webkit-justify-content: center;
  -ms-flex-pack: center;
  justify-content: center;
  width: auto;
  height: auto;
  cursor: pointer;
  font-size: 16px;
  line-height: 24px;
  text-align: center;
  -webkit-text-decoration: none;
  text-decoration: none;
  font-weight: 700;
  border-radius: 5px;
  border-width: 1px;
  border-style: solid;
  -webkit-transition: opacity 200ms ease-in-out;
  transition: opacity 200ms ease-in-out;
  background-color: #FFFFFF;
  border-color: #9DA7B1;
  color: #323E49;
  padding: 4px calc(16px - 1px);
  border-top-left-radius: 0;
  border-bottom-left-radius: 0;
}

.circuit-15:focus {
  outline: 0;
  box-shadow: 0 0 0 4px #AFD0FE;
}

.circuit-15:focus::-moz-focus-inner {
  border: 0;
}

.circuit-15:disabled,
.circuit-15[disabled] {
  opacity: 0.5;
  pointer-events: none;
  box-shadow: none;
}

.circuit-15:hover {
  background-color: #FAFBFC;
  border-color: #5C656F;
}

.circuit-15:active {
  background-color: #EEF0F2;
  border-color: #5C656F;
}

.circuit-5 {
  display: -webkit-box;
  display: -webkit-flex;
  display: -ms-flexbox;
  display: flex;
  -webkit-align-items: center;
  -webkit-box-align: center;
  -ms-flex-align: center;
  align-items: center;
  -webkit-box-pack: center;
  -webkit-justify-content: center;
  -ms-flex-pack: center;
  justify-content: center;
  width: auto;
  height: auto;
  cursor: pointer;
  font-size: 16px;
  line-height: 24px;
  text-align: center;
  -webkit-text-decoration: none;
  text-decoration: none;
  font-weight: 700;
  border-radius: 5px;
  border-width: 1px;
  border-style: solid;
  -webkit-transition: opacity 200ms ease-in-out;
  transition: opacity 200ms ease-in-out;
  background-color: #FFFFFF;
  border-color: #9DA7B1;
  color: #323E49;
  padding: 4px calc(16px - 1px);
  border-radius: 0;
  border-right: 0;
  font-weight: 400;
  border-color: #D8DDE1;
  opacity: 1 !important;
}

.circuit-5:focus {
  outline: 0;
  box-shadow: 0 0 0 4px #AFD0FE;
}

.circuit-5:focus::-moz-focus-inner {
  border: 0;
}

.circuit-5:disabled,
.circuit-5[disabled] {
  opacity: 0.5;
  pointer-events: none;
  box-shadow: none;
}

.circuit-5:hover {
  background-color: #FAFBFC;
  border-color: #5C656F;
}

.circuit-5:active {
  background-color: #EEF0F2;
  border-color: #5C656F;
}

.circuit-5:focus {
  border-color: #D8DDE1;
  border-width: 1px;
  padding: 4px 16px;
}

.circuit-5:hover {
  box-shadow: 1px 0 0 #9DA7B1;
  z-index: 1;
}

.circuit-5:hover:focus {
  box-shadow: none;
}

.circuit-5:hover {
  border-color: #D8DDE1;
}

<div
  class="circuit-16 circuit-17"
>
  <button
    class="circuit-0 circuit-1"
    data-testid="pagination-button-previous"
  >
    &lt;
  </button>
  <button
    class="circuit-2 circuit-3"
    data-testid="pagination-button-page"
    name="1"
  >
    1
  </button>
  <button
    class="circuit-2 circuit-5"
    disabled=""
  >
    …
  </button>
  <button
    class="circuit-2 circuit-3"
    data-testid="pagination-button-page"
    name="7"
  >
    7
  </button>
  <button
    class="circuit-2 circuit-3"
    data-testid="pagination-button-page"
    name="8"
  >
    8
  </button>
  <button
    class="circuit-2 circuit-3"
    data-testid="pagination-button-page"
    name="9"
  >
    9
  </button>
  <button
    class="circuit-2 circuit-13"
    data-testid="pagination-button-page"
    name="10"
  >
    10
  </button>
  <button
    class="circuit-14 circuit-15"
    data-testid="pagination-button-next"
    disabled=""
  >
    &gt;
  </button>
</div>
`;

exports[`Pagination styles With more than 5 pages when user is on page 2 should render with default styles and match snapshot 1`] = `
.circuit-16 {
  display: -webkit-box;
  display: -webkit-flex;
  display: -ms-flexbox;
  display: flex;
  -webkit-align-items: center;
  -webkit-box-align: center;
  -ms-flex-align: center;
  align-items: center;
  width: 100%;
  padding: 12px;
}

.circuit-1 {
  display: -webkit-box;
  display: -webkit-flex;
  display: -ms-flexbox;
  display: flex;
  -webkit-align-items: center;
  -webkit-box-align: center;
  -ms-flex-align: center;
  align-items: center;
  -webkit-box-pack: center;
  -webkit-justify-content: center;
  -ms-flex-pack: center;
  justify-content: center;
  width: auto;
  height: auto;
  cursor: pointer;
  font-size: 16px;
  line-height: 24px;
  text-align: center;
  -webkit-text-decoration: none;
  text-decoration: none;
  font-weight: 700;
  border-radius: 5px;
  border-width: 1px;
  border-style: solid;
  -webkit-transition: opacity 200ms ease-in-out;
  transition: opacity 200ms ease-in-out;
  background-color: #FFFFFF;
  border-color: #9DA7B1;
  color: #323E49;
  padding: 4px calc(16px - 1px);
  border-top-right-radius: 0;
  border-bottom-right-radius: 0;
  border-right: 0;
}

.circuit-1:focus {
  outline: 0;
  box-shadow: 0 0 0 4px #AFD0FE;
}

.circuit-1:focus::-moz-focus-inner {
  border: 0;
}

.circuit-1:disabled,
.circuit-1[disabled] {
  opacity: 0.5;
  pointer-events: none;
  box-shadow: none;
}

.circuit-1:hover {
  background-color: #FAFBFC;
  border-color: #5C656F;
}

.circuit-1:active {
  background-color: #EEF0F2;
  border-color: #5C656F;
}

.circuit-1:hover {
  box-shadow: 1px 0 0 #9DA7B1;
  z-index: 1;
}

.circuit-5 {
  display: -webkit-box;
  display: -webkit-flex;
  display: -ms-flexbox;
  display: flex;
  -webkit-align-items: center;
  -webkit-box-align: center;
  -ms-flex-align: center;
  align-items: center;
  -webkit-box-pack: center;
  -webkit-justify-content: center;
  -ms-flex-pack: center;
  justify-content: center;
  width: auto;
  height: auto;
  cursor: pointer;
  font-size: 16px;
  line-height: 24px;
  text-align: center;
  -webkit-text-decoration: none;
  text-decoration: none;
  font-weight: 700;
  border-radius: 5px;
  border-width: 1px;
  border-style: solid;
  -webkit-transition: opacity 200ms ease-in-out;
  transition: opacity 200ms ease-in-out;
  background-color: #3388FF;
  border-color: #3388FF;
  color: #FFFFFF;
  padding: 4px calc(16px - 1px);
  border-radius: 0;
  border-right: 0;
  font-weight: 400;
  border-color: #D8DDE1;
  font-weight: bold;
  pointer-events: none;
}

.circuit-5:focus {
  outline: 0;
  box-shadow: 0 0 0 4px #AFD0FE;
}

.circuit-5:focus::-moz-focus-inner {
  border: 0;
}

.circuit-5:disabled,
.circuit-5[disabled] {
  opacity: 0.5;
  pointer-events: none;
  box-shadow: none;
}

.circuit-5:hover {
  background-color: #1760CE;
  border-color: #1760CE;
}

.circuit-5:active {
  background-color: #003C8B;
  border-color: #003C8B;
}

.circuit-5:focus {
  border-color: #D8DDE1;
  border-width: 1px;
  padding: 4px 16px;
}

.circuit-5:hover {
  box-shadow: 1px 0 0 #9DA7B1;
  z-index: 1;
}

.circuit-5:hover:focus {
  box-shadow: none;
}

.circuit-5:hover {
  border-color: #D8DDE1;
  box-shadow: none;
}

.circuit-3 {
  display: -webkit-box;
  display: -webkit-flex;
  display: -ms-flexbox;
  display: flex;
  -webkit-align-items: center;
  -webkit-box-align: center;
  -ms-flex-align: center;
  align-items: center;
  -webkit-box-pack: center;
  -webkit-justify-content: center;
  -ms-flex-pack: center;
  justify-content: center;
  width: auto;
  height: auto;
  cursor: pointer;
  font-size: 16px;
  line-height: 24px;
  text-align: center;
  -webkit-text-decoration: none;
  text-decoration: none;
  font-weight: 700;
  border-radius: 5px;
  border-width: 1px;
  border-style: solid;
  -webkit-transition: opacity 200ms ease-in-out;
  transition: opacity 200ms ease-in-out;
  background-color: #FFFFFF;
  border-color: #9DA7B1;
  color: #323E49;
  padding: 4px calc(16px - 1px);
  border-radius: 0;
  border-right: 0;
  font-weight: 400;
  border-color: #D8DDE1;
}

.circuit-3:focus {
  outline: 0;
  box-shadow: 0 0 0 4px #AFD0FE;
}

.circuit-3:focus::-moz-focus-inner {
  border: 0;
}

.circuit-3:disabled,
.circuit-3[disabled] {
  opacity: 0.5;
  pointer-events: none;
  box-shadow: none;
}

.circuit-3:hover {
  background-color: #FAFBFC;
  border-color: #5C656F;
}

.circuit-3:active {
  background-color: #EEF0F2;
  border-color: #5C656F;
}

.circuit-3:focus {
  border-color: #D8DDE1;
  border-width: 1px;
  padding: 4px 16px;
}

.circuit-3:hover {
  box-shadow: 1px 0 0 #9DA7B1;
  z-index: 1;
}

.circuit-3:hover:focus {
  box-shadow: none;
}

.circuit-15 {
  display: -webkit-box;
  display: -webkit-flex;
  display: -ms-flexbox;
  display: flex;
  -webkit-align-items: center;
  -webkit-box-align: center;
  -ms-flex-align: center;
  align-items: center;
  -webkit-box-pack: center;
  -webkit-justify-content: center;
  -ms-flex-pack: center;
  justify-content: center;
  width: auto;
  height: auto;
  cursor: pointer;
  font-size: 16px;
  line-height: 24px;
  text-align: center;
  -webkit-text-decoration: none;
  text-decoration: none;
  font-weight: 700;
  border-radius: 5px;
  border-width: 1px;
  border-style: solid;
  -webkit-transition: opacity 200ms ease-in-out;
  transition: opacity 200ms ease-in-out;
  background-color: #FFFFFF;
  border-color: #9DA7B1;
  color: #323E49;
  padding: 4px calc(16px - 1px);
  border-top-left-radius: 0;
  border-bottom-left-radius: 0;
}

.circuit-15:focus {
  outline: 0;
  box-shadow: 0 0 0 4px #AFD0FE;
}

.circuit-15:focus::-moz-focus-inner {
  border: 0;
}

.circuit-15:disabled,
.circuit-15[disabled] {
  opacity: 0.5;
  pointer-events: none;
  box-shadow: none;
}

.circuit-15:hover {
  background-color: #FAFBFC;
  border-color: #5C656F;
}

.circuit-15:active {
  background-color: #EEF0F2;
  border-color: #5C656F;
}

.circuit-11 {
  display: -webkit-box;
  display: -webkit-flex;
  display: -ms-flexbox;
  display: flex;
  -webkit-align-items: center;
  -webkit-box-align: center;
  -ms-flex-align: center;
  align-items: center;
  -webkit-box-pack: center;
  -webkit-justify-content: center;
  -ms-flex-pack: center;
  justify-content: center;
  width: auto;
  height: auto;
  cursor: pointer;
  font-size: 16px;
  line-height: 24px;
  text-align: center;
  -webkit-text-decoration: none;
  text-decoration: none;
  font-weight: 700;
  border-radius: 5px;
  border-width: 1px;
  border-style: solid;
  -webkit-transition: opacity 200ms ease-in-out;
  transition: opacity 200ms ease-in-out;
  background-color: #FFFFFF;
  border-color: #9DA7B1;
  color: #323E49;
  padding: 4px calc(16px - 1px);
  border-radius: 0;
  border-right: 0;
  font-weight: 400;
  border-color: #D8DDE1;
  opacity: 1 !important;
}

.circuit-11:focus {
  outline: 0;
  box-shadow: 0 0 0 4px #AFD0FE;
}

.circuit-11:focus::-moz-focus-inner {
  border: 0;
}

.circuit-11:disabled,
.circuit-11[disabled] {
  opacity: 0.5;
  pointer-events: none;
  box-shadow: none;
}

.circuit-11:hover {
  background-color: #FAFBFC;
  border-color: #5C656F;
}

.circuit-11:active {
  background-color: #EEF0F2;
  border-color: #5C656F;
}

.circuit-11:focus {
  border-color: #D8DDE1;
  border-width: 1px;
  padding: 4px 16px;
}

.circuit-11:hover {
  box-shadow: 1px 0 0 #9DA7B1;
  z-index: 1;
}

.circuit-11:hover:focus {
  box-shadow: none;
}

.circuit-11:hover {
  border-color: #D8DDE1;
}

<div
  class="circuit-16 circuit-17"
>
  <button
    class="circuit-0 circuit-1"
    data-testid="pagination-button-previous"
  >
    &lt;
  </button>
  <button
    class="circuit-2 circuit-3"
    data-testid="pagination-button-page"
    name="1"
  >
    1
  </button>
  <button
    class="circuit-2 circuit-5"
    data-testid="pagination-button-page"
    name="2"
  >
    2
  </button>
  <button
    class="circuit-2 circuit-3"
    data-testid="pagination-button-page"
    name="3"
  >
    3
  </button>
  <button
    class="circuit-2 circuit-3"
    data-testid="pagination-button-page"
    name="4"
  >
    4
  </button>
  <button
    class="circuit-2 circuit-11"
    disabled=""
  >
    …
  </button>
  <button
    class="circuit-2 circuit-3"
    data-testid="pagination-button-page"
    name="10"
  >
    10
  </button>
  <button
    class="circuit-14 circuit-15"
    data-testid="pagination-button-next"
  >
    &gt;
  </button>
</div>
`;

exports[`Pagination styles With more than 5 pages when user is on page in the middle should render with default styles and match snapshot 1`] = `
.circuit-18 {
  display: -webkit-box;
  display: -webkit-flex;
  display: -ms-flexbox;
  display: flex;
  -webkit-align-items: center;
  -webkit-box-align: center;
  -ms-flex-align: center;
  align-items: center;
  width: 100%;
  padding: 12px;
}

.circuit-1 {
  display: -webkit-box;
  display: -webkit-flex;
  display: -ms-flexbox;
  display: flex;
  -webkit-align-items: center;
  -webkit-box-align: center;
  -ms-flex-align: center;
  align-items: center;
  -webkit-box-pack: center;
  -webkit-justify-content: center;
  -ms-flex-pack: center;
  justify-content: center;
  width: auto;
  height: auto;
  cursor: pointer;
  font-size: 16px;
  line-height: 24px;
  text-align: center;
  -webkit-text-decoration: none;
  text-decoration: none;
  font-weight: 700;
  border-radius: 5px;
  border-width: 1px;
  border-style: solid;
  -webkit-transition: opacity 200ms ease-in-out;
  transition: opacity 200ms ease-in-out;
  background-color: #FFFFFF;
  border-color: #9DA7B1;
  color: #323E49;
  padding: 4px calc(16px - 1px);
  border-top-right-radius: 0;
  border-bottom-right-radius: 0;
  border-right: 0;
}

.circuit-1:focus {
  outline: 0;
  box-shadow: 0 0 0 4px #AFD0FE;
}

.circuit-1:focus::-moz-focus-inner {
  border: 0;
}

.circuit-1:disabled,
.circuit-1[disabled] {
  opacity: 0.5;
  pointer-events: none;
  box-shadow: none;
}

.circuit-1:hover {
  background-color: #FAFBFC;
  border-color: #5C656F;
}

.circuit-1:active {
  background-color: #EEF0F2;
  border-color: #5C656F;
}

.circuit-1:hover {
  box-shadow: 1px 0 0 #9DA7B1;
  z-index: 1;
}

.circuit-9 {
  display: -webkit-box;
  display: -webkit-flex;
  display: -ms-flexbox;
  display: flex;
  -webkit-align-items: center;
  -webkit-box-align: center;
  -ms-flex-align: center;
  align-items: center;
  -webkit-box-pack: center;
  -webkit-justify-content: center;
  -ms-flex-pack: center;
  justify-content: center;
  width: auto;
  height: auto;
  cursor: pointer;
  font-size: 16px;
  line-height: 24px;
  text-align: center;
  -webkit-text-decoration: none;
  text-decoration: none;
  font-weight: 700;
  border-radius: 5px;
  border-width: 1px;
  border-style: solid;
  -webkit-transition: opacity 200ms ease-in-out;
  transition: opacity 200ms ease-in-out;
  background-color: #3388FF;
  border-color: #3388FF;
  color: #FFFFFF;
  padding: 4px calc(16px - 1px);
  border-radius: 0;
  border-right: 0;
  font-weight: 400;
  border-color: #D8DDE1;
  font-weight: bold;
  pointer-events: none;
}

.circuit-9:focus {
  outline: 0;
  box-shadow: 0 0 0 4px #AFD0FE;
}

.circuit-9:focus::-moz-focus-inner {
  border: 0;
}

.circuit-9:disabled,
.circuit-9[disabled] {
  opacity: 0.5;
  pointer-events: none;
  box-shadow: none;
}

.circuit-9:hover {
  background-color: #1760CE;
  border-color: #1760CE;
}

.circuit-9:active {
  background-color: #003C8B;
  border-color: #003C8B;
}

.circuit-9:focus {
  border-color: #D8DDE1;
  border-width: 1px;
  padding: 4px 16px;
}

.circuit-9:hover {
  box-shadow: 1px 0 0 #9DA7B1;
  z-index: 1;
}

.circuit-9:hover:focus {
  box-shadow: none;
}

.circuit-9:hover {
  border-color: #D8DDE1;
  box-shadow: none;
}

.circuit-3 {
  display: -webkit-box;
  display: -webkit-flex;
  display: -ms-flexbox;
  display: flex;
  -webkit-align-items: center;
  -webkit-box-align: center;
  -ms-flex-align: center;
  align-items: center;
  -webkit-box-pack: center;
  -webkit-justify-content: center;
  -ms-flex-pack: center;
  justify-content: center;
  width: auto;
  height: auto;
  cursor: pointer;
  font-size: 16px;
  line-height: 24px;
  text-align: center;
  -webkit-text-decoration: none;
  text-decoration: none;
  font-weight: 700;
  border-radius: 5px;
  border-width: 1px;
  border-style: solid;
  -webkit-transition: opacity 200ms ease-in-out;
  transition: opacity 200ms ease-in-out;
  background-color: #FFFFFF;
  border-color: #9DA7B1;
  color: #323E49;
  padding: 4px calc(16px - 1px);
  border-radius: 0;
  border-right: 0;
  font-weight: 400;
  border-color: #D8DDE1;
}

.circuit-3:focus {
  outline: 0;
  box-shadow: 0 0 0 4px #AFD0FE;
}

.circuit-3:focus::-moz-focus-inner {
  border: 0;
}

.circuit-3:disabled,
.circuit-3[disabled] {
  opacity: 0.5;
  pointer-events: none;
  box-shadow: none;
}

.circuit-3:hover {
  background-color: #FAFBFC;
  border-color: #5C656F;
}

.circuit-3:active {
  background-color: #EEF0F2;
  border-color: #5C656F;
}

.circuit-3:focus {
  border-color: #D8DDE1;
  border-width: 1px;
  padding: 4px 16px;
}

.circuit-3:hover {
  box-shadow: 1px 0 0 #9DA7B1;
  z-index: 1;
}

.circuit-3:hover:focus {
  box-shadow: none;
}

.circuit-17 {
  display: -webkit-box;
  display: -webkit-flex;
  display: -ms-flexbox;
  display: flex;
  -webkit-align-items: center;
  -webkit-box-align: center;
  -ms-flex-align: center;
  align-items: center;
  -webkit-box-pack: center;
  -webkit-justify-content: center;
  -ms-flex-pack: center;
  justify-content: center;
  width: auto;
  height: auto;
  cursor: pointer;
  font-size: 16px;
  line-height: 24px;
  text-align: center;
  -webkit-text-decoration: none;
  text-decoration: none;
  font-weight: 700;
  border-radius: 5px;
  border-width: 1px;
  border-style: solid;
  -webkit-transition: opacity 200ms ease-in-out;
  transition: opacity 200ms ease-in-out;
  background-color: #FFFFFF;
  border-color: #9DA7B1;
  color: #323E49;
  padding: 4px calc(16px - 1px);
  border-top-left-radius: 0;
  border-bottom-left-radius: 0;
}

.circuit-17:focus {
  outline: 0;
  box-shadow: 0 0 0 4px #AFD0FE;
}

.circuit-17:focus::-moz-focus-inner {
  border: 0;
}

.circuit-17:disabled,
.circuit-17[disabled] {
  opacity: 0.5;
  pointer-events: none;
  box-shadow: none;
}

.circuit-17:hover {
  background-color: #FAFBFC;
  border-color: #5C656F;
}

.circuit-17:active {
  background-color: #EEF0F2;
  border-color: #5C656F;
}

.circuit-5 {
  display: -webkit-box;
  display: -webkit-flex;
  display: -ms-flexbox;
  display: flex;
  -webkit-align-items: center;
  -webkit-box-align: center;
  -ms-flex-align: center;
  align-items: center;
  -webkit-box-pack: center;
  -webkit-justify-content: center;
  -ms-flex-pack: center;
  justify-content: center;
  width: auto;
  height: auto;
  cursor: pointer;
  font-size: 16px;
  line-height: 24px;
  text-align: center;
  -webkit-text-decoration: none;
  text-decoration: none;
  font-weight: 700;
  border-radius: 5px;
  border-width: 1px;
  border-style: solid;
  -webkit-transition: opacity 200ms ease-in-out;
  transition: opacity 200ms ease-in-out;
  background-color: #FFFFFF;
  border-color: #9DA7B1;
  color: #323E49;
  padding: 4px calc(16px - 1px);
  border-radius: 0;
  border-right: 0;
  font-weight: 400;
  border-color: #D8DDE1;
  opacity: 1 !important;
}

.circuit-5:focus {
  outline: 0;
  box-shadow: 0 0 0 4px #AFD0FE;
}

.circuit-5:focus::-moz-focus-inner {
  border: 0;
}

.circuit-5:disabled,
.circuit-5[disabled] {
  opacity: 0.5;
  pointer-events: none;
  box-shadow: none;
}

.circuit-5:hover {
  background-color: #FAFBFC;
  border-color: #5C656F;
}

.circuit-5:active {
  background-color: #EEF0F2;
  border-color: #5C656F;
}

.circuit-5:focus {
  border-color: #D8DDE1;
  border-width: 1px;
  padding: 4px 16px;
}

.circuit-5:hover {
  box-shadow: 1px 0 0 #9DA7B1;
  z-index: 1;
}

.circuit-5:hover:focus {
  box-shadow: none;
}

.circuit-5:hover {
  border-color: #D8DDE1;
}

<div
  class="circuit-18 circuit-19"
>
  <button
    class="circuit-0 circuit-1"
    data-testid="pagination-button-previous"
  >
    &lt;
  </button>
  <button
    class="circuit-2 circuit-3"
    data-testid="pagination-button-page"
    name="1"
  >
    1
  </button>
  <button
    class="circuit-2 circuit-5"
    disabled=""
  >
    …
  </button>
  <button
    class="circuit-2 circuit-3"
    data-testid="pagination-button-page"
    name="4"
  >
    4
  </button>
  <button
    class="circuit-2 circuit-9"
    data-testid="pagination-button-page"
    name="5"
  >
    5
  </button>
  <button
    class="circuit-2 circuit-3"
    data-testid="pagination-button-page"
    name="6"
  >
    6
  </button>
  <button
    class="circuit-2 circuit-5"
    disabled=""
  >
    …
  </button>
  <button
    class="circuit-2 circuit-3"
    data-testid="pagination-button-page"
    name="10"
  >
    10
  </button>
  <button
    class="circuit-16 circuit-17"
    data-testid="pagination-button-next"
  >
    &gt;
  </button>
</div>
`;

exports[`Pagination styles With more than 5 pages when user is on page one should render with default styles and match snapshot 1`] = `
.circuit-16 {
  display: -webkit-box;
  display: -webkit-flex;
  display: -ms-flexbox;
  display: flex;
  -webkit-align-items: center;
  -webkit-box-align: center;
  -ms-flex-align: center;
  align-items: center;
  width: 100%;
  padding: 12px;
}

.circuit-1 {
  display: -webkit-box;
  display: -webkit-flex;
  display: -ms-flexbox;
  display: flex;
  -webkit-align-items: center;
  -webkit-box-align: center;
  -ms-flex-align: center;
  align-items: center;
  -webkit-box-pack: center;
  -webkit-justify-content: center;
  -ms-flex-pack: center;
  justify-content: center;
  width: auto;
  height: auto;
  cursor: pointer;
  font-size: 16px;
  line-height: 24px;
  text-align: center;
  -webkit-text-decoration: none;
  text-decoration: none;
  font-weight: 700;
  border-radius: 5px;
  border-width: 1px;
  border-style: solid;
  -webkit-transition: opacity 200ms ease-in-out;
  transition: opacity 200ms ease-in-out;
  background-color: #FFFFFF;
  border-color: #9DA7B1;
  color: #323E49;
  padding: 4px calc(16px - 1px);
  border-top-right-radius: 0;
  border-bottom-right-radius: 0;
  border-right: 0;
}

.circuit-1:focus {
  outline: 0;
  box-shadow: 0 0 0 4px #AFD0FE;
}

.circuit-1:focus::-moz-focus-inner {
  border: 0;
}

.circuit-1:disabled,
.circuit-1[disabled] {
  opacity: 0.5;
  pointer-events: none;
  box-shadow: none;
}

.circuit-1:hover {
  background-color: #FAFBFC;
  border-color: #5C656F;
}

.circuit-1:active {
  background-color: #EEF0F2;
  border-color: #5C656F;
}

.circuit-1:hover {
  box-shadow: 1px 0 0 #9DA7B1;
  z-index: 1;
}

.circuit-3 {
  display: -webkit-box;
  display: -webkit-flex;
  display: -ms-flexbox;
  display: flex;
  -webkit-align-items: center;
  -webkit-box-align: center;
  -ms-flex-align: center;
  align-items: center;
  -webkit-box-pack: center;
  -webkit-justify-content: center;
  -ms-flex-pack: center;
  justify-content: center;
  width: auto;
  height: auto;
  cursor: pointer;
  font-size: 16px;
  line-height: 24px;
  text-align: center;
  -webkit-text-decoration: none;
  text-decoration: none;
  font-weight: 700;
  border-radius: 5px;
  border-width: 1px;
  border-style: solid;
  -webkit-transition: opacity 200ms ease-in-out;
  transition: opacity 200ms ease-in-out;
  background-color: #3388FF;
  border-color: #3388FF;
  color: #FFFFFF;
  padding: 4px calc(16px - 1px);
  border-radius: 0;
  border-right: 0;
  font-weight: 400;
  border-color: #D8DDE1;
  font-weight: bold;
  pointer-events: none;
}

.circuit-3:focus {
  outline: 0;
  box-shadow: 0 0 0 4px #AFD0FE;
}

.circuit-3:focus::-moz-focus-inner {
  border: 0;
}

.circuit-3:disabled,
.circuit-3[disabled] {
  opacity: 0.5;
  pointer-events: none;
  box-shadow: none;
}

.circuit-3:hover {
  background-color: #1760CE;
  border-color: #1760CE;
}

.circuit-3:active {
  background-color: #003C8B;
  border-color: #003C8B;
}

.circuit-3:focus {
  border-color: #D8DDE1;
  border-width: 1px;
  padding: 4px 16px;
}

.circuit-3:hover {
  box-shadow: 1px 0 0 #9DA7B1;
  z-index: 1;
}

.circuit-3:hover:focus {
  box-shadow: none;
}

.circuit-3:hover {
  border-color: #D8DDE1;
  box-shadow: none;
}

.circuit-5 {
  display: -webkit-box;
  display: -webkit-flex;
  display: -ms-flexbox;
  display: flex;
  -webkit-align-items: center;
  -webkit-box-align: center;
  -ms-flex-align: center;
  align-items: center;
  -webkit-box-pack: center;
  -webkit-justify-content: center;
  -ms-flex-pack: center;
  justify-content: center;
  width: auto;
  height: auto;
  cursor: pointer;
  font-size: 16px;
  line-height: 24px;
  text-align: center;
  -webkit-text-decoration: none;
  text-decoration: none;
  font-weight: 700;
  border-radius: 5px;
  border-width: 1px;
  border-style: solid;
  -webkit-transition: opacity 200ms ease-in-out;
  transition: opacity 200ms ease-in-out;
  background-color: #FFFFFF;
  border-color: #9DA7B1;
  color: #323E49;
  padding: 4px calc(16px - 1px);
  border-radius: 0;
  border-right: 0;
  font-weight: 400;
  border-color: #D8DDE1;
}

.circuit-5:focus {
  outline: 0;
  box-shadow: 0 0 0 4px #AFD0FE;
}

.circuit-5:focus::-moz-focus-inner {
  border: 0;
}

.circuit-5:disabled,
.circuit-5[disabled] {
  opacity: 0.5;
  pointer-events: none;
  box-shadow: none;
}

.circuit-5:hover {
  background-color: #FAFBFC;
  border-color: #5C656F;
}

.circuit-5:active {
  background-color: #EEF0F2;
  border-color: #5C656F;
}

.circuit-5:focus {
  border-color: #D8DDE1;
  border-width: 1px;
  padding: 4px 16px;
}

.circuit-5:hover {
  box-shadow: 1px 0 0 #9DA7B1;
  z-index: 1;
}

.circuit-5:hover:focus {
  box-shadow: none;
}

.circuit-15 {
  display: -webkit-box;
  display: -webkit-flex;
  display: -ms-flexbox;
  display: flex;
  -webkit-align-items: center;
  -webkit-box-align: center;
  -ms-flex-align: center;
  align-items: center;
  -webkit-box-pack: center;
  -webkit-justify-content: center;
  -ms-flex-pack: center;
  justify-content: center;
  width: auto;
  height: auto;
  cursor: pointer;
  font-size: 16px;
  line-height: 24px;
  text-align: center;
  -webkit-text-decoration: none;
  text-decoration: none;
  font-weight: 700;
  border-radius: 5px;
  border-width: 1px;
  border-style: solid;
  -webkit-transition: opacity 200ms ease-in-out;
  transition: opacity 200ms ease-in-out;
  background-color: #FFFFFF;
  border-color: #9DA7B1;
  color: #323E49;
  padding: 4px calc(16px - 1px);
  border-top-left-radius: 0;
  border-bottom-left-radius: 0;
}

.circuit-15:focus {
  outline: 0;
  box-shadow: 0 0 0 4px #AFD0FE;
}

.circuit-15:focus::-moz-focus-inner {
  border: 0;
}

.circuit-15:disabled,
.circuit-15[disabled] {
  opacity: 0.5;
  pointer-events: none;
  box-shadow: none;
}

.circuit-15:hover {
  background-color: #FAFBFC;
  border-color: #5C656F;
}

.circuit-15:active {
  background-color: #EEF0F2;
  border-color: #5C656F;
}

.circuit-11 {
  display: -webkit-box;
  display: -webkit-flex;
  display: -ms-flexbox;
  display: flex;
  -webkit-align-items: center;
  -webkit-box-align: center;
  -ms-flex-align: center;
  align-items: center;
  -webkit-box-pack: center;
  -webkit-justify-content: center;
  -ms-flex-pack: center;
  justify-content: center;
  width: auto;
  height: auto;
  cursor: pointer;
  font-size: 16px;
  line-height: 24px;
  text-align: center;
  -webkit-text-decoration: none;
  text-decoration: none;
  font-weight: 700;
  border-radius: 5px;
  border-width: 1px;
  border-style: solid;
  -webkit-transition: opacity 200ms ease-in-out;
  transition: opacity 200ms ease-in-out;
  background-color: #FFFFFF;
  border-color: #9DA7B1;
  color: #323E49;
  padding: 4px calc(16px - 1px);
  border-radius: 0;
  border-right: 0;
  font-weight: 400;
  border-color: #D8DDE1;
  opacity: 1 !important;
}

.circuit-11:focus {
  outline: 0;
  box-shadow: 0 0 0 4px #AFD0FE;
}

.circuit-11:focus::-moz-focus-inner {
  border: 0;
}

.circuit-11:disabled,
.circuit-11[disabled] {
  opacity: 0.5;
  pointer-events: none;
  box-shadow: none;
}

.circuit-11:hover {
  background-color: #FAFBFC;
  border-color: #5C656F;
}

.circuit-11:active {
  background-color: #EEF0F2;
  border-color: #5C656F;
}

.circuit-11:focus {
  border-color: #D8DDE1;
  border-width: 1px;
  padding: 4px 16px;
}

.circuit-11:hover {
  box-shadow: 1px 0 0 #9DA7B1;
  z-index: 1;
}

.circuit-11:hover:focus {
  box-shadow: none;
}

.circuit-11:hover {
  border-color: #D8DDE1;
}

<div
  class="circuit-16 circuit-17"
>
  <button
    class="circuit-0 circuit-1"
    data-testid="pagination-button-previous"
    disabled=""
  >
    &lt;
  </button>
  <button
    class="circuit-2 circuit-3"
    data-testid="pagination-button-page"
    name="1"
  >
    1
  </button>
  <button
    class="circuit-2 circuit-5"
    data-testid="pagination-button-page"
    name="2"
  >
    2
  </button>
  <button
    class="circuit-2 circuit-5"
    data-testid="pagination-button-page"
    name="3"
  >
    3
  </button>
  <button
    class="circuit-2 circuit-5"
    data-testid="pagination-button-page"
    name="4"
  >
    4
  </button>
  <button
    class="circuit-2 circuit-11"
    disabled=""
  >
    …
  </button>
  <button
    class="circuit-2 circuit-5"
    data-testid="pagination-button-page"
    name="10"
  >
    10
  </button>
  <button
    class="circuit-14 circuit-15"
    data-testid="pagination-button-next"
  >
    &gt;
  </button>
</div>
`;
