// Jest Snapshot v1, https://goo.gl/fbAQLP

exports[`CalendarTagTwoStep should render with default styles 1`] = `
.circuit-0 {
  display: -webkit-inline-box;
  display: -webkit-inline-flex;
  display: -ms-inline-flexbox;
  display: inline-flex;
  -webkit-align-items: center;
  -webkit-box-align: center;
  -ms-flex-align: center;
  align-items: center;
  border-radius: 4px;
  font-size: 16px;
  line-height: 24px;
  border: 1px solid #D8DDE1;
  padding: 4px 12px;
  cursor: default;
  -webkit-transition: opacity 120ms ease-in-out,color 120ms ease-in-out,background-color 120ms ease-in-out,border-color 120ms ease-in-out;
  transition: opacity 120ms ease-in-out,color 120ms ease-in-out,background-color 120ms ease-in-out,border-color 120ms ease-in-out;
  cursor: pointer;
  outline: 0;
  background: transparent;
}

.circuit-0:active {
  color: #0F131A;
}

.circuit-0:hover {
  background-color: #D8DDE1;
  border-color: #9DA7B1;
}

.circuit-0:focus {
  outline: 0;
  box-shadow: 0 0 0 4px #AFD0FE;
}

.circuit-0:focus::-moz-focus-inner {
  border: 0;
}

<div>
  <button
    class="circuit-0 circuit-1"
  >
    Dates
  </button>
</div>
`;
