// Jest Snapshot v1, https://goo.gl/fbAQLP

exports[`Table Style tests should not render a scrollable table if the rowHeaders prop is true 1`] = `
.circuit-50 {
  position: relative;
  box-shadow: 0 0 0 1px rgba(12,15,20,0.02), 0 0 1px 0 rgba(12,15,20,0.06), 0 2px 2px 0 rgba(12,15,20,0.06);
}

.circuit-48 {
  border-radius: 4px;
}

@media (max-width:767px) {
  .circuit-48 {
    height: unset;
    margin-left: 145px;
    overflow-x: auto;
  }
}

.circuit-46 {
  background-color: #FFFFFF;
  border-collapse: separate;
  width: 100%;
}

@media (max-width:767px) {
  .circuit-46 {
    margin-left: -145px;
    width: calc(100% + 145px);
  }

  .circuit-46:after {
    content: '';
    background-image: linear-gradient( 90deg,rgba(0,0,0,0.12),transparent );
    height: 100%;
    left: 145px;
    position: absolute;
    top: 0;
    width: 6px;
  }
}

.circuit-12 {
  vertical-align: middle;
}

tbody .circuit-12:last-child th,
tbody .circuit-12:last-child td {
  border-bottom: none;
}

.circuit-2 {
  background-color: #FFFFFF;
  border-bottom: 1px solid #D8DDE1;
  padding: 24px;
  text-align: left;
  -webkit-transition: background-color 200ms ease-in-out,color 200ms ease-in-out;
  transition: background-color 200ms ease-in-out,color 200ms ease-in-out;
  white-space: nowrap;
  color: #5C656F;
  font-size: 13px;
  font-weight: 700;
  padding: 8px 24px;
  vertical-align: middle;
  cursor: pointer;
  position: relative;
  -webkit-user-select: none;
  -moz-user-select: none;
  -ms-user-select: none;
  user-select: none;
}

@media (max-width:767px) {
  .circuit-2 {
    left: 0;
    top: auto;
    position: absolute;
    width: 145px;
    white-space: unset;
  }
}

.circuit-2:hover {
  background-color: #FAFBFC;
  color: #3388FF;
}

.circuit-2:hover > span {
  opacity: 1;
}

.circuit-0 {
  display: -webkit-box;
  display: -webkit-flex;
  display: -ms-flexbox;
  display: flex;
  -webkit-flex-direction: column;
  -ms-flex-direction: column;
  flex-direction: column;
  height: 10px;
  width: 5px;
  left: 12px;
  opacity: 0;
  position: absolute;
  top: 50%;
  -webkit-transform: translateY(-50%);
  -ms-transform: translateY(-50%);
  transform: translateY(-50%);
  -webkit-transition: opacity 200ms ease-in-out;
  transition: opacity 200ms ease-in-out;
  fill: #3388FF;
}

.circuit-4 {
  background-color: #FFFFFF;
  border-bottom: 1px solid #D8DDE1;
  padding: 24px;
  text-align: left;
  -webkit-transition: background-color 200ms ease-in-out;
  transition: background-color 200ms ease-in-out;
  vertical-align: middle;
  white-space: nowrap;
  display: none;
  font-size: 13px;
  font-weight: 700;
  padding: 8px 24px;
}

@media (max-width:767px) {
  .circuit-4 {
    display: table-cell;
    min-width: 145px;
    white-space: unset;
    width: 145px;
  }
}

.circuit-8 {
  background-color: #FFFFFF;
  border-bottom: 1px solid #D8DDE1;
  padding: 24px;
  text-align: left;
  -webkit-transition: background-color 200ms ease-in-out,color 200ms ease-in-out;
  transition: background-color 200ms ease-in-out,color 200ms ease-in-out;
  white-space: nowrap;
  color: #5C656F;
  font-size: 13px;
  font-weight: 700;
  padding: 8px 24px;
  vertical-align: middle;
  cursor: pointer;
  position: relative;
  -webkit-user-select: none;
  -moz-user-select: none;
  -ms-user-select: none;
  user-select: none;
}

.circuit-8:hover {
  background-color: #FAFBFC;
  color: #3388FF;
}

.circuit-8:hover > span {
  opacity: 1;
}

.circuit-10 {
  background-color: #FFFFFF;
  border-bottom: 1px solid #D8DDE1;
  padding: 24px;
  text-align: left;
  -webkit-transition: background-color 200ms ease-in-out,color 200ms ease-in-out;
  transition: background-color 200ms ease-in-out,color 200ms ease-in-out;
  white-space: nowrap;
  color: #5C656F;
  font-size: 13px;
  font-weight: 700;
  padding: 8px 24px;
  vertical-align: middle;
}

.circuit-16 {
  background-color: #FFFFFF;
  border-bottom: 1px solid #D8DDE1;
  padding: 24px;
  text-align: left;
  -webkit-transition: background-color 200ms ease-in-out,color 200ms ease-in-out;
  transition: background-color 200ms ease-in-out,color 200ms ease-in-out;
  white-space: nowrap;
}

@media (max-width:767px) {
  .circuit-16 {
    left: 0;
    top: auto;
    position: absolute;
    width: 145px;
    white-space: unset;
  }
}

.circuit-18 {
  background-color: #FFFFFF;
  border-bottom: 1px solid #D8DDE1;
  padding: 24px;
  text-align: left;
  -webkit-transition: background-color 200ms ease-in-out;
  transition: background-color 200ms ease-in-out;
  vertical-align: middle;
  white-space: nowrap;
  display: none;
}

@media (max-width:767px) {
  .circuit-18 {
    display: table-cell;
    min-width: 145px;
    white-space: unset;
    width: 145px;
  }
}

.circuit-20 {
  background-color: #FFFFFF;
  border-bottom: 1px solid #D8DDE1;
  padding: 24px;
  text-align: left;
  -webkit-transition: background-color 200ms ease-in-out;
  transition: background-color 200ms ease-in-out;
  vertical-align: middle;
  white-space: nowrap;
}

<div
  class="circuit-50 circuit-51"
>
  <div
    class="circuit-48 circuit-49"
  >
    <table
      class="circuit-46 circuit-47"
    >
      <thead
        class="circuit-14 circuit-15"
      >
        <tr
          class="circuit-12 circuit-13"
        >
          <th
            aria-sort="none"
            class="circuit-2 circuit-3"
            data-testid="table-header"
            scope="col"
          >
            <span
              class="circuit-0 circuit-1"
            >
              <div>
                arrow.svg
              </div>
              <div>
                arrow.svg
              </div>
            </span>
            Letters
          </th>
          <td
            aria-hidden="true"
            class="circuit-4 circuit-5"
            data-testid="table-cell"
            role="presentation"
          >
            Letters
          </td>
          <th
            aria-sort="none"
            class="circuit-8 circuit-3"
            data-testid="table-header"
            scope="col"
          >
            <span
              class="circuit-0 circuit-1"
            >
              <div>
                arrow.svg
              </div>
              <div>
                arrow.svg
              </div>
            </span>
            Numbers
          </th>
          <th
            class="circuit-10 circuit-3"
            data-testid="table-header"
            scope="col"
          >
            Words
          </th>
        </tr>
      </thead>
      <tbody>
        <tr
          class="circuit-12 circuit-13"
          data-testid="table-row"
        >
          <th
            class="circuit-16 circuit-3"
            data-testid="table-header"
            scope="row"
          >
            b
          </th>
          <td
            aria-hidden="true"
            class="circuit-18 circuit-5"
            data-testid="table-cell"
            role="presentation"
          >
            b
          </td>
          <td
            class="circuit-20 circuit-5"
            data-testid="table-cell"
          >
            3
          </td>
          <td
            class="circuit-20 circuit-5"
            data-testid="table-cell"
          >
            Foo
          </td>
        </tr>
        <tr
          class="circuit-12 circuit-13"
          data-testid="table-row"
        >
          <th
            class="circuit-16 circuit-3"
            data-testid="table-header"
            scope="row"
          >
            a
          </th>
          <td
            aria-hidden="true"
            class="circuit-18 circuit-5"
            data-testid="table-cell"
            role="presentation"
          >
            a
          </td>
          <td
            class="circuit-20 circuit-5"
            data-testid="table-cell"
          >
            1
          </td>
          <td
            class="circuit-20 circuit-5"
            data-testid="table-cell"
          >
            Bar
          </td>
        </tr>
        <tr
          class="circuit-12 circuit-13"
          data-testid="table-row"
        >
          <th
            class="circuit-16 circuit-3"
            data-testid="table-header"
            scope="row"
          >
            c
          </th>
          <td
            aria-hidden="true"
            class="circuit-18 circuit-5"
            data-testid="table-cell"
            role="presentation"
          >
            c
          </td>
          <td
            class="circuit-20 circuit-5"
            data-testid="table-cell"
          >
            2
          </td>
          <td
            class="circuit-20 circuit-5"
            data-testid="table-cell"
          >
            Baz
          </td>
        </tr>
      </tbody>
    </table>
  </div>
</div>
`;

exports[`Table Style tests should render a collapsed table 1`] = `
.circuit-50 {
  position: relative;
  box-shadow: 0 0 0 1px rgba(12,15,20,0.02), 0 0 1px 0 rgba(12,15,20,0.06), 0 2px 2px 0 rgba(12,15,20,0.06);
}

.circuit-48 {
  border-radius: 4px;
}

@media (max-width:767px) {
  .circuit-48 {
    height: unset;
    margin-left: 145px;
    overflow-x: auto;
  }
}

.circuit-12 {
  vertical-align: middle;
}

tbody .circuit-12:last-child th,
tbody .circuit-12:last-child td {
  border-bottom: none;
}

.circuit-2 {
  background-color: #FFFFFF;
  border-bottom: 1px solid #D8DDE1;
  padding: 24px;
  text-align: left;
  -webkit-transition: background-color 200ms ease-in-out,color 200ms ease-in-out;
  transition: background-color 200ms ease-in-out,color 200ms ease-in-out;
  white-space: nowrap;
  color: #5C656F;
  font-size: 13px;
  font-weight: 700;
  padding: 8px 24px;
  vertical-align: middle;
  cursor: pointer;
  position: relative;
  -webkit-user-select: none;
  -moz-user-select: none;
  -ms-user-select: none;
  user-select: none;
}

@media (max-width:767px) {
  .circuit-2 {
    left: 0;
    top: auto;
    position: absolute;
    width: 145px;
    white-space: unset;
  }
}

.circuit-2:hover {
  background-color: #FAFBFC;
  color: #3388FF;
}

.circuit-2:hover > span {
  opacity: 1;
}

.circuit-0 {
  display: -webkit-box;
  display: -webkit-flex;
  display: -ms-flexbox;
  display: flex;
  -webkit-flex-direction: column;
  -ms-flex-direction: column;
  flex-direction: column;
  height: 10px;
  width: 5px;
  left: 12px;
  opacity: 0;
  position: absolute;
  top: 50%;
  -webkit-transform: translateY(-50%);
  -ms-transform: translateY(-50%);
  transform: translateY(-50%);
  -webkit-transition: opacity 200ms ease-in-out;
  transition: opacity 200ms ease-in-out;
  fill: #3388FF;
}

.circuit-4 {
  background-color: #FFFFFF;
  border-bottom: 1px solid #D8DDE1;
  padding: 24px;
  text-align: left;
  -webkit-transition: background-color 200ms ease-in-out;
  transition: background-color 200ms ease-in-out;
  vertical-align: middle;
  white-space: nowrap;
  display: none;
  font-size: 13px;
  font-weight: 700;
  padding: 8px 24px;
}

@media (max-width:767px) {
  .circuit-4 {
    display: table-cell;
    min-width: 145px;
    white-space: unset;
    width: 145px;
  }
}

.circuit-8 {
  background-color: #FFFFFF;
  border-bottom: 1px solid #D8DDE1;
  padding: 24px;
  text-align: left;
  -webkit-transition: background-color 200ms ease-in-out,color 200ms ease-in-out;
  transition: background-color 200ms ease-in-out,color 200ms ease-in-out;
  white-space: nowrap;
  color: #5C656F;
  font-size: 13px;
  font-weight: 700;
  padding: 8px 24px;
  vertical-align: middle;
  cursor: pointer;
  position: relative;
  -webkit-user-select: none;
  -moz-user-select: none;
  -ms-user-select: none;
  user-select: none;
}

.circuit-8:hover {
  background-color: #FAFBFC;
  color: #3388FF;
}

.circuit-8:hover > span {
  opacity: 1;
}

.circuit-10 {
  background-color: #FFFFFF;
  border-bottom: 1px solid #D8DDE1;
  padding: 24px;
  text-align: left;
  -webkit-transition: background-color 200ms ease-in-out,color 200ms ease-in-out;
  transition: background-color 200ms ease-in-out,color 200ms ease-in-out;
  white-space: nowrap;
  color: #5C656F;
  font-size: 13px;
  font-weight: 700;
  padding: 8px 24px;
  vertical-align: middle;
}

.circuit-16 {
  background-color: #FFFFFF;
  border-bottom: 1px solid #D8DDE1;
  padding: 24px;
  text-align: left;
  -webkit-transition: background-color 200ms ease-in-out,color 200ms ease-in-out;
  transition: background-color 200ms ease-in-out,color 200ms ease-in-out;
  white-space: nowrap;
}

@media (max-width:767px) {
  .circuit-16 {
    left: 0;
    top: auto;
    position: absolute;
    width: 145px;
    white-space: unset;
  }
}

.circuit-18 {
  background-color: #FFFFFF;
  border-bottom: 1px solid #D8DDE1;
  padding: 24px;
  text-align: left;
  -webkit-transition: background-color 200ms ease-in-out;
  transition: background-color 200ms ease-in-out;
  vertical-align: middle;
  white-space: nowrap;
  display: none;
}

@media (max-width:767px) {
  .circuit-18 {
    display: table-cell;
    min-width: 145px;
    white-space: unset;
    width: 145px;
  }
}

.circuit-20 {
  background-color: #FFFFFF;
  border-bottom: 1px solid #D8DDE1;
  padding: 24px;
  text-align: left;
  -webkit-transition: background-color 200ms ease-in-out;
  transition: background-color 200ms ease-in-out;
  vertical-align: middle;
  white-space: nowrap;
}

.circuit-46 {
  background-color: #FFFFFF;
  border-collapse: separate;
  width: 100%;
  border-collapse: collapse;
}

@media (max-width:767px) {
  .circuit-46 {
    margin-left: -145px;
    width: calc(100% + 145px);
  }

  .circuit-46:after {
    content: '';
    background-image: linear-gradient( 90deg,rgba(0,0,0,0.12),transparent );
    height: 100%;
    left: 145px;
    position: absolute;
    top: 0;
    width: 6px;
  }
}

<div
  class="circuit-50 circuit-51"
>
  <div
    class="circuit-48 circuit-49"
  >
    <table
      class="circuit-46 circuit-47"
    >
      <thead
        class="circuit-14 circuit-15"
      >
        <tr
          class="circuit-12 circuit-13"
        >
          <th
            aria-sort="none"
            class="circuit-2 circuit-3"
            data-testid="table-header"
            scope="col"
          >
            <span
              class="circuit-0 circuit-1"
            >
              <div>
                arrow.svg
              </div>
              <div>
                arrow.svg
              </div>
            </span>
            Letters
          </th>
          <td
            aria-hidden="true"
            class="circuit-4 circuit-5"
            data-testid="table-cell"
            role="presentation"
          >
            Letters
          </td>
          <th
            aria-sort="none"
            class="circuit-8 circuit-3"
            data-testid="table-header"
            scope="col"
          >
            <span
              class="circuit-0 circuit-1"
            >
              <div>
                arrow.svg
              </div>
              <div>
                arrow.svg
              </div>
            </span>
            Numbers
          </th>
          <th
            class="circuit-10 circuit-3"
            data-testid="table-header"
            scope="col"
          >
            Words
          </th>
        </tr>
      </thead>
      <tbody>
        <tr
          class="circuit-12 circuit-13"
          data-testid="table-row"
        >
          <th
            class="circuit-16 circuit-3"
            data-testid="table-header"
            scope="row"
          >
            b
          </th>
          <td
            aria-hidden="true"
            class="circuit-18 circuit-5"
            data-testid="table-cell"
            role="presentation"
          >
            b
          </td>
          <td
            class="circuit-20 circuit-5"
            data-testid="table-cell"
          >
            3
          </td>
          <td
            class="circuit-20 circuit-5"
            data-testid="table-cell"
          >
            Foo
          </td>
        </tr>
        <tr
          class="circuit-12 circuit-13"
          data-testid="table-row"
        >
          <th
            class="circuit-16 circuit-3"
            data-testid="table-header"
            scope="row"
          >
            a
          </th>
          <td
            aria-hidden="true"
            class="circuit-18 circuit-5"
            data-testid="table-cell"
            role="presentation"
          >
            a
          </td>
          <td
            class="circuit-20 circuit-5"
            data-testid="table-cell"
          >
            1
          </td>
          <td
            class="circuit-20 circuit-5"
            data-testid="table-cell"
          >
            Bar
          </td>
        </tr>
        <tr
          class="circuit-12 circuit-13"
          data-testid="table-row"
        >
          <th
            class="circuit-16 circuit-3"
            data-testid="table-header"
            scope="row"
          >
            c
          </th>
          <td
            aria-hidden="true"
            class="circuit-18 circuit-5"
            data-testid="table-cell"
            role="presentation"
          >
            c
          </td>
          <td
            class="circuit-20 circuit-5"
            data-testid="table-cell"
          >
            2
          </td>
          <td
            class="circuit-20 circuit-5"
            data-testid="table-cell"
          >
            Baz
          </td>
        </tr>
      </tbody>
    </table>
  </div>
</div>
`;

exports[`Table Style tests should render a condensed table 1`] = `
.circuit-50 {
  position: relative;
  box-shadow: 0 0 0 1px rgba(12,15,20,0.02), 0 0 1px 0 rgba(12,15,20,0.06), 0 2px 2px 0 rgba(12,15,20,0.06);
}

.circuit-48 {
  border-radius: 4px;
}

@media (max-width:767px) {
  .circuit-48 {
    height: unset;
    margin-left: 145px;
    overflow-x: auto;
  }
}

.circuit-46 {
  background-color: #FFFFFF;
  border-collapse: separate;
  width: 100%;
}

@media (max-width:767px) {
  .circuit-46 {
    margin-left: -145px;
    width: calc(100% + 145px);
  }

  .circuit-46:after {
    content: '';
    background-image: linear-gradient( 90deg,rgba(0,0,0,0.12),transparent );
    height: 100%;
    left: 145px;
    position: absolute;
    top: 0;
    width: 6px;
  }
}

.circuit-12 {
  vertical-align: middle;
}

tbody .circuit-12:last-child th,
tbody .circuit-12:last-child td {
  border-bottom: none;
}

.circuit-2 {
  background-color: #FFFFFF;
  border-bottom: 1px solid #D8DDE1;
  padding: 24px;
  text-align: left;
  -webkit-transition: background-color 200ms ease-in-out,color 200ms ease-in-out;
  transition: background-color 200ms ease-in-out,color 200ms ease-in-out;
  white-space: nowrap;
  color: #5C656F;
  font-size: 13px;
  font-weight: 700;
  padding: 8px 24px;
  vertical-align: middle;
  cursor: pointer;
  position: relative;
  -webkit-user-select: none;
  -moz-user-select: none;
  -ms-user-select: none;
  user-select: none;
  vertical-align: middle;
  font-size: 13px;
  line-height: 20px;
  padding: 12px 16px;
  padding: 8px 16px;
}

@media (max-width:767px) {
  .circuit-2 {
    left: 0;
    top: auto;
    position: absolute;
    width: 145px;
    white-space: unset;
  }
}

.circuit-2:hover {
  background-color: #FAFBFC;
  color: #3388FF;
}

.circuit-2:hover > span {
  opacity: 1;
}

.circuit-0 {
  display: -webkit-box;
  display: -webkit-flex;
  display: -ms-flexbox;
  display: flex;
  -webkit-flex-direction: column;
  -ms-flex-direction: column;
  flex-direction: column;
  height: 10px;
  width: 5px;
  left: 12px;
  opacity: 0;
  position: absolute;
  top: 50%;
  -webkit-transform: translateY(-50%);
  -ms-transform: translateY(-50%);
  transform: translateY(-50%);
  -webkit-transition: opacity 200ms ease-in-out;
  transition: opacity 200ms ease-in-out;
  fill: #3388FF;
  left: 8px;
}

.circuit-4 {
  background-color: #FFFFFF;
  border-bottom: 1px solid #D8DDE1;
  padding: 24px;
  text-align: left;
  -webkit-transition: background-color 200ms ease-in-out;
  transition: background-color 200ms ease-in-out;
  vertical-align: middle;
  white-space: nowrap;
  padding: 12px 16px;
  font-size: 13px;
  line-height: 20px;
  display: none;
  font-size: 13px;
  font-weight: 700;
  padding: 8px 24px;
  padding: 12px 16px;
  font-size: 13px;
  line-height: 20px;
  padding: 8px 16px;
}

@media (max-width:767px) {
  .circuit-4 {
    display: table-cell;
    min-width: 145px;
    white-space: unset;
    width: 145px;
  }
}

.circuit-8 {
  background-color: #FFFFFF;
  border-bottom: 1px solid #D8DDE1;
  padding: 24px;
  text-align: left;
  -webkit-transition: background-color 200ms ease-in-out,color 200ms ease-in-out;
  transition: background-color 200ms ease-in-out,color 200ms ease-in-out;
  white-space: nowrap;
  color: #5C656F;
  font-size: 13px;
  font-weight: 700;
  padding: 8px 24px;
  vertical-align: middle;
  cursor: pointer;
  position: relative;
  -webkit-user-select: none;
  -moz-user-select: none;
  -ms-user-select: none;
  user-select: none;
  vertical-align: middle;
  font-size: 13px;
  line-height: 20px;
  padding: 12px 16px;
  padding: 8px 16px;
}

.circuit-8:hover {
  background-color: #FAFBFC;
  color: #3388FF;
}

.circuit-8:hover > span {
  opacity: 1;
}

.circuit-10 {
  background-color: #FFFFFF;
  border-bottom: 1px solid #D8DDE1;
  padding: 24px;
  text-align: left;
  -webkit-transition: background-color 200ms ease-in-out,color 200ms ease-in-out;
  transition: background-color 200ms ease-in-out,color 200ms ease-in-out;
  white-space: nowrap;
  color: #5C656F;
  font-size: 13px;
  font-weight: 700;
  padding: 8px 24px;
  vertical-align: middle;
  vertical-align: middle;
  font-size: 13px;
  line-height: 20px;
  padding: 12px 16px;
  padding: 8px 16px;
}

.circuit-16 {
  background-color: #FFFFFF;
  border-bottom: 1px solid #D8DDE1;
  padding: 24px;
  text-align: left;
  -webkit-transition: background-color 200ms ease-in-out,color 200ms ease-in-out;
  transition: background-color 200ms ease-in-out,color 200ms ease-in-out;
  white-space: nowrap;
  vertical-align: middle;
  font-size: 13px;
  line-height: 20px;
  padding: 12px 16px;
}

@media (max-width:767px) {
  .circuit-16 {
    left: 0;
    top: auto;
    position: absolute;
    width: 145px;
    white-space: unset;
  }
}

.circuit-18 {
  background-color: #FFFFFF;
  border-bottom: 1px solid #D8DDE1;
  padding: 24px;
  text-align: left;
  -webkit-transition: background-color 200ms ease-in-out;
  transition: background-color 200ms ease-in-out;
  vertical-align: middle;
  white-space: nowrap;
  padding: 12px 16px;
  font-size: 13px;
  line-height: 20px;
  display: none;
  padding: 12px 16px;
  font-size: 13px;
  line-height: 20px;
}

@media (max-width:767px) {
  .circuit-18 {
    display: table-cell;
    min-width: 145px;
    white-space: unset;
    width: 145px;
  }
}

.circuit-20 {
  background-color: #FFFFFF;
  border-bottom: 1px solid #D8DDE1;
  padding: 24px;
  text-align: left;
  -webkit-transition: background-color 200ms ease-in-out;
  transition: background-color 200ms ease-in-out;
  vertical-align: middle;
  white-space: nowrap;
  padding: 12px 16px;
  font-size: 13px;
  line-height: 20px;
}

<div
  class="circuit-50 circuit-51"
>
  <div
    class="circuit-48 circuit-49"
  >
    <table
      class="circuit-46 circuit-47"
    >
      <thead
        class="circuit-14 circuit-15"
      >
        <tr
          class="circuit-12 circuit-13"
        >
          <th
            aria-sort="none"
            class="circuit-2 circuit-3"
            data-testid="table-header"
            scope="col"
          >
            <span
              class="circuit-0 circuit-1"
            >
              <div>
                arrow.svg
              </div>
              <div>
                arrow.svg
              </div>
            </span>
            Letters
          </th>
          <td
            aria-hidden="true"
            class="circuit-4 circuit-5"
            data-testid="table-cell"
            role="presentation"
          >
            Letters
          </td>
          <th
            aria-sort="none"
            class="circuit-8 circuit-3"
            data-testid="table-header"
            scope="col"
          >
            <span
              class="circuit-0 circuit-1"
            >
              <div>
                arrow.svg
              </div>
              <div>
                arrow.svg
              </div>
            </span>
            Numbers
          </th>
          <th
            class="circuit-10 circuit-3"
            data-testid="table-header"
            scope="col"
          >
            Words
          </th>
        </tr>
      </thead>
      <tbody>
        <tr
          class="circuit-12 circuit-13"
          data-testid="table-row"
        >
          <th
            class="circuit-16 circuit-3"
            data-testid="table-header"
            scope="row"
          >
            b
          </th>
          <td
            aria-hidden="true"
            class="circuit-18 circuit-5"
            data-testid="table-cell"
            role="presentation"
          >
            b
          </td>
          <td
            class="circuit-20 circuit-5"
            data-testid="table-cell"
          >
            3
          </td>
          <td
            class="circuit-20 circuit-5"
            data-testid="table-cell"
          >
            Foo
          </td>
        </tr>
        <tr
          class="circuit-12 circuit-13"
          data-testid="table-row"
        >
          <th
            class="circuit-16 circuit-3"
            data-testid="table-header"
            scope="row"
          >
            a
          </th>
          <td
            aria-hidden="true"
            class="circuit-18 circuit-5"
            data-testid="table-cell"
            role="presentation"
          >
            a
          </td>
          <td
            class="circuit-20 circuit-5"
            data-testid="table-cell"
          >
            1
          </td>
          <td
            class="circuit-20 circuit-5"
            data-testid="table-cell"
          >
            Bar
          </td>
        </tr>
        <tr
          class="circuit-12 circuit-13"
          data-testid="table-row"
        >
          <th
            class="circuit-16 circuit-3"
            data-testid="table-header"
            scope="row"
          >
            c
          </th>
          <td
            aria-hidden="true"
            class="circuit-18 circuit-5"
            data-testid="table-cell"
            role="presentation"
          >
            c
          </td>
          <td
            class="circuit-20 circuit-5"
            data-testid="table-cell"
          >
            2
          </td>
          <td
            class="circuit-20 circuit-5"
            data-testid="table-cell"
          >
            Baz
          </td>
        </tr>
      </tbody>
    </table>
  </div>
</div>
`;

exports[`Table Style tests should render a scrollable table 1`] = `
.circuit-10 {
  vertical-align: middle;
}

tbody .circuit-10:last-child th,
tbody .circuit-10:last-child td {
  border-bottom: none;
}

.circuit-0 {
  display: -webkit-box;
  display: -webkit-flex;
  display: -ms-flexbox;
  display: flex;
  -webkit-flex-direction: column;
  -ms-flex-direction: column;
  flex-direction: column;
  height: 10px;
  width: 5px;
  left: 12px;
  opacity: 0;
  position: absolute;
  top: 50%;
  -webkit-transform: translateY(-50%);
  -ms-transform: translateY(-50%);
  transform: translateY(-50%);
  -webkit-transition: opacity 200ms ease-in-out;
  transition: opacity 200ms ease-in-out;
  fill: #3388FF;
}

.circuit-2 {
  background-color: #FFFFFF;
  border-bottom: 1px solid #D8DDE1;
  padding: 24px;
  text-align: left;
  -webkit-transition: background-color 200ms ease-in-out,color 200ms ease-in-out;
  transition: background-color 200ms ease-in-out,color 200ms ease-in-out;
  white-space: nowrap;
  color: #5C656F;
  font-size: 13px;
  font-weight: 700;
  padding: 8px 24px;
  vertical-align: middle;
  cursor: pointer;
  position: relative;
  -webkit-user-select: none;
  -moz-user-select: none;
  -ms-user-select: none;
  user-select: none;
}

.circuit-2:hover {
  background-color: #FAFBFC;
  color: #3388FF;
}

.circuit-2:hover > span {
  opacity: 1;
}

.circuit-8 {
  background-color: #FFFFFF;
  border-bottom: 1px solid #D8DDE1;
  padding: 24px;
  text-align: left;
  -webkit-transition: background-color 200ms ease-in-out,color 200ms ease-in-out;
  transition: background-color 200ms ease-in-out,color 200ms ease-in-out;
  white-space: nowrap;
  color: #5C656F;
  font-size: 13px;
  font-weight: 700;
  padding: 8px 24px;
  vertical-align: middle;
}

.circuit-14 {
  background-color: #FFFFFF;
  border-bottom: 1px solid #D8DDE1;
  padding: 24px;
  text-align: left;
  -webkit-transition: background-color 200ms ease-in-out;
  transition: background-color 200ms ease-in-out;
  vertical-align: middle;
  white-space: nowrap;
}

.circuit-42 {
  position: relative;
  height: 100%;
  box-shadow: 0 0 0 1px rgba(12,15,20,0.02), 0 0 1px 0 rgba(12,15,20,0.06), 0 2px 2px 0 rgba(12,15,20,0.06);
}

@media (max-width:767px) {
  .circuit-42 {
    height: 100%;
  }
}

.circuit-38 {
  background-color: #FFFFFF;
  border-collapse: separate;
  width: 100%;
}

.circuit-12 {
  -webkit-transform: translateY(px);
  -ms-transform: translateY(px);
  transform: translateY(px);
}

@media (max-width:767px) {
  .circuit-12 {
    -webkit-transform: translateY(nullpx);
    -ms-transform: translateY(nullpx);
    transform: translateY(nullpx);
  }
}

.circuit-40 {
  height: 0px;
  overflow-y: auto;
}

<div
  class="circuit-42 circuit-43"
>
  <div
    class="circuit-40 circuit-41"
    height="0px"
  >
    <table
      class="circuit-38 circuit-39"
    >
      <thead
        class="circuit-12 circuit-13"
      >
        <tr
          class="circuit-10 circuit-11"
        >
          <th
            aria-sort="none"
            class="circuit-2 circuit-3"
            data-testid="table-header"
            scope="col"
          >
            <span
              class="circuit-0 circuit-1"
            >
              <div>
                arrow.svg
              </div>
              <div>
                arrow.svg
              </div>
            </span>
            Letters
          </th>
          <th
            aria-sort="none"
            class="circuit-2 circuit-3"
            data-testid="table-header"
            scope="col"
          >
            <span
              class="circuit-0 circuit-1"
            >
              <div>
                arrow.svg
              </div>
              <div>
                arrow.svg
              </div>
            </span>
            Numbers
          </th>
          <th
            class="circuit-8 circuit-3"
            data-testid="table-header"
            scope="col"
          >
            Words
          </th>
        </tr>
      </thead>
      <tbody>
        <tr
          class="circuit-10 circuit-11"
          data-testid="table-row"
        >
          <td
            class="circuit-14 circuit-15"
            data-testid="table-cell"
          >
            b
          </td>
          <td
            class="circuit-14 circuit-15"
            data-testid="table-cell"
          >
            3
          </td>
          <td
            class="circuit-14 circuit-15"
            data-testid="table-cell"
          >
            Foo
          </td>
        </tr>
        <tr
          class="circuit-10 circuit-11"
          data-testid="table-row"
        >
          <td
            class="circuit-14 circuit-15"
            data-testid="table-cell"
          >
            a
          </td>
          <td
            class="circuit-14 circuit-15"
            data-testid="table-cell"
          >
            1
          </td>
          <td
            class="circuit-14 circuit-15"
            data-testid="table-cell"
          >
            Bar
          </td>
        </tr>
        <tr
          class="circuit-10 circuit-11"
          data-testid="table-row"
        >
          <td
            class="circuit-14 circuit-15"
            data-testid="table-cell"
          >
            c
          </td>
          <td
            class="circuit-14 circuit-15"
            data-testid="table-cell"
          >
            2
          </td>
          <td
            class="circuit-14 circuit-15"
            data-testid="table-cell"
          >
            Baz
          </td>
        </tr>
      </tbody>
    </table>
  </div>
</div>
`;

exports[`Table Style tests should render with default styles 1`] = `
.circuit-50 {
  position: relative;
  box-shadow: 0 0 0 1px rgba(12,15,20,0.02), 0 0 1px 0 rgba(12,15,20,0.06), 0 2px 2px 0 rgba(12,15,20,0.06);
}

.circuit-48 {
  border-radius: 4px;
}

@media (max-width:767px) {
  .circuit-48 {
    height: unset;
    margin-left: 145px;
    overflow-x: auto;
  }
}

.circuit-46 {
  background-color: #FFFFFF;
  border-collapse: separate;
  width: 100%;
}

@media (max-width:767px) {
  .circuit-46 {
    margin-left: -145px;
    width: calc(100% + 145px);
  }

  .circuit-46:after {
    content: '';
    background-image: linear-gradient( 90deg,rgba(0,0,0,0.12),transparent );
    height: 100%;
    left: 145px;
    position: absolute;
    top: 0;
    width: 6px;
  }
}

.circuit-12 {
  vertical-align: middle;
}

tbody .circuit-12:last-child th,
tbody .circuit-12:last-child td {
  border-bottom: none;
}

.circuit-2 {
  background-color: #FFFFFF;
  border-bottom: 1px solid #D8DDE1;
  padding: 24px;
  text-align: left;
  -webkit-transition: background-color 200ms ease-in-out,color 200ms ease-in-out;
  transition: background-color 200ms ease-in-out,color 200ms ease-in-out;
  white-space: nowrap;
  color: #5C656F;
  font-size: 13px;
  font-weight: 700;
  padding: 8px 24px;
  vertical-align: middle;
  cursor: pointer;
  position: relative;
  -webkit-user-select: none;
  -moz-user-select: none;
  -ms-user-select: none;
  user-select: none;
}

@media (max-width:767px) {
  .circuit-2 {
    left: 0;
    top: auto;
    position: absolute;
    width: 145px;
    white-space: unset;
  }
}

.circuit-2:hover {
  background-color: #FAFBFC;
  color: #3388FF;
}

.circuit-2:hover > span {
  opacity: 1;
}

.circuit-0 {
  display: -webkit-box;
  display: -webkit-flex;
  display: -ms-flexbox;
  display: flex;
  -webkit-flex-direction: column;
  -ms-flex-direction: column;
  flex-direction: column;
  height: 10px;
  width: 5px;
  left: 12px;
  opacity: 0;
  position: absolute;
  top: 50%;
  -webkit-transform: translateY(-50%);
  -ms-transform: translateY(-50%);
  transform: translateY(-50%);
  -webkit-transition: opacity 200ms ease-in-out;
  transition: opacity 200ms ease-in-out;
  fill: #3388FF;
}

.circuit-4 {
  background-color: #FFFFFF;
  border-bottom: 1px solid #D8DDE1;
  padding: 24px;
  text-align: left;
  -webkit-transition: background-color 200ms ease-in-out;
  transition: background-color 200ms ease-in-out;
  vertical-align: middle;
  white-space: nowrap;
  display: none;
  font-size: 13px;
  font-weight: 700;
  padding: 8px 24px;
}

@media (max-width:767px) {
  .circuit-4 {
    display: table-cell;
    min-width: 145px;
    white-space: unset;
    width: 145px;
  }
}

.circuit-8 {
  background-color: #FFFFFF;
  border-bottom: 1px solid #D8DDE1;
  padding: 24px;
  text-align: left;
  -webkit-transition: background-color 200ms ease-in-out,color 200ms ease-in-out;
  transition: background-color 200ms ease-in-out,color 200ms ease-in-out;
  white-space: nowrap;
  color: #5C656F;
  font-size: 13px;
  font-weight: 700;
  padding: 8px 24px;
  vertical-align: middle;
  cursor: pointer;
  position: relative;
  -webkit-user-select: none;
  -moz-user-select: none;
  -ms-user-select: none;
  user-select: none;
}

.circuit-8:hover {
  background-color: #FAFBFC;
  color: #3388FF;
}

.circuit-8:hover > span {
  opacity: 1;
}

.circuit-10 {
  background-color: #FFFFFF;
  border-bottom: 1px solid #D8DDE1;
  padding: 24px;
  text-align: left;
  -webkit-transition: background-color 200ms ease-in-out,color 200ms ease-in-out;
  transition: background-color 200ms ease-in-out,color 200ms ease-in-out;
  white-space: nowrap;
  color: #5C656F;
  font-size: 13px;
  font-weight: 700;
  padding: 8px 24px;
  vertical-align: middle;
}

.circuit-16 {
  background-color: #FFFFFF;
  border-bottom: 1px solid #D8DDE1;
  padding: 24px;
  text-align: left;
  -webkit-transition: background-color 200ms ease-in-out,color 200ms ease-in-out;
  transition: background-color 200ms ease-in-out,color 200ms ease-in-out;
  white-space: nowrap;
}

@media (max-width:767px) {
  .circuit-16 {
    left: 0;
    top: auto;
    position: absolute;
    width: 145px;
    white-space: unset;
  }
}

.circuit-18 {
  background-color: #FFFFFF;
  border-bottom: 1px solid #D8DDE1;
  padding: 24px;
  text-align: left;
  -webkit-transition: background-color 200ms ease-in-out;
  transition: background-color 200ms ease-in-out;
  vertical-align: middle;
  white-space: nowrap;
  display: none;
}

@media (max-width:767px) {
  .circuit-18 {
    display: table-cell;
    min-width: 145px;
    white-space: unset;
    width: 145px;
  }
}

.circuit-20 {
  background-color: #FFFFFF;
  border-bottom: 1px solid #D8DDE1;
  padding: 24px;
  text-align: left;
  -webkit-transition: background-color 200ms ease-in-out;
  transition: background-color 200ms ease-in-out;
  vertical-align: middle;
  white-space: nowrap;
}

<div
  class="circuit-50 circuit-51"
>
  <div
    class="circuit-48 circuit-49"
  >
    <table
      class="circuit-46 circuit-47"
    >
      <thead
        class="circuit-14 circuit-15"
      >
        <tr
          class="circuit-12 circuit-13"
        >
          <th
            aria-sort="none"
            class="circuit-2 circuit-3"
            data-testid="table-header"
            scope="col"
          >
            <span
              class="circuit-0 circuit-1"
            >
              <div>
                arrow.svg
              </div>
              <div>
                arrow.svg
              </div>
            </span>
            Letters
          </th>
          <td
            aria-hidden="true"
            class="circuit-4 circuit-5"
            data-testid="table-cell"
            role="presentation"
          >
            Letters
          </td>
          <th
            aria-sort="none"
            class="circuit-8 circuit-3"
            data-testid="table-header"
            scope="col"
          >
            <span
              class="circuit-0 circuit-1"
            >
              <div>
                arrow.svg
              </div>
              <div>
                arrow.svg
              </div>
            </span>
            Numbers
          </th>
          <th
            class="circuit-10 circuit-3"
            data-testid="table-header"
            scope="col"
          >
            Words
          </th>
        </tr>
      </thead>
      <tbody>
        <tr
          class="circuit-12 circuit-13"
          data-testid="table-row"
        >
          <th
            class="circuit-16 circuit-3"
            data-testid="table-header"
            scope="row"
          >
            b
          </th>
          <td
            aria-hidden="true"
            class="circuit-18 circuit-5"
            data-testid="table-cell"
            role="presentation"
          >
            b
          </td>
          <td
            class="circuit-20 circuit-5"
            data-testid="table-cell"
          >
            3
          </td>
          <td
            class="circuit-20 circuit-5"
            data-testid="table-cell"
          >
            Foo
          </td>
        </tr>
        <tr
          class="circuit-12 circuit-13"
          data-testid="table-row"
        >
          <th
            class="circuit-16 circuit-3"
            data-testid="table-header"
            scope="row"
          >
            a
          </th>
          <td
            aria-hidden="true"
            class="circuit-18 circuit-5"
            data-testid="table-cell"
            role="presentation"
          >
            a
          </td>
          <td
            class="circuit-20 circuit-5"
            data-testid="table-cell"
          >
            1
          </td>
          <td
            class="circuit-20 circuit-5"
            data-testid="table-cell"
          >
            Bar
          </td>
        </tr>
        <tr
          class="circuit-12 circuit-13"
          data-testid="table-row"
        >
          <th
            class="circuit-16 circuit-3"
            data-testid="table-header"
            scope="row"
          >
            c
          </th>
          <td
            aria-hidden="true"
            class="circuit-18 circuit-5"
            data-testid="table-cell"
            role="presentation"
          >
            c
          </td>
          <td
            class="circuit-20 circuit-5"
            data-testid="table-cell"
          >
            2
          </td>
          <td
            class="circuit-20 circuit-5"
            data-testid="table-cell"
          >
            Baz
          </td>
        </tr>
      </tbody>
    </table>
  </div>
</div>
`;

exports[`Table Style tests should render with rowHeader styles 1`] = `
.circuit-50 {
  position: relative;
  box-shadow: 0 0 0 1px rgba(12,15,20,0.02), 0 0 1px 0 rgba(12,15,20,0.06), 0 2px 2px 0 rgba(12,15,20,0.06);
}

.circuit-48 {
  border-radius: 4px;
}

@media (max-width:767px) {
  .circuit-48 {
    height: unset;
    margin-left: 145px;
    overflow-x: auto;
  }
}

.circuit-46 {
  background-color: #FFFFFF;
  border-collapse: separate;
  width: 100%;
}

@media (max-width:767px) {
  .circuit-46 {
    margin-left: -145px;
    width: calc(100% + 145px);
  }

  .circuit-46:after {
    content: '';
    background-image: linear-gradient( 90deg,rgba(0,0,0,0.12),transparent );
    height: 100%;
    left: 145px;
    position: absolute;
    top: 0;
    width: 6px;
  }
}

.circuit-12 {
  vertical-align: middle;
}

tbody .circuit-12:last-child th,
tbody .circuit-12:last-child td {
  border-bottom: none;
}

.circuit-2 {
  background-color: #FFFFFF;
  border-bottom: 1px solid #D8DDE1;
  padding: 24px;
  text-align: left;
  -webkit-transition: background-color 200ms ease-in-out,color 200ms ease-in-out;
  transition: background-color 200ms ease-in-out,color 200ms ease-in-out;
  white-space: nowrap;
  color: #5C656F;
  font-size: 13px;
  font-weight: 700;
  padding: 8px 24px;
  vertical-align: middle;
  cursor: pointer;
  position: relative;
  -webkit-user-select: none;
  -moz-user-select: none;
  -ms-user-select: none;
  user-select: none;
}

@media (max-width:767px) {
  .circuit-2 {
    left: 0;
    top: auto;
    position: absolute;
    width: 145px;
    white-space: unset;
  }
}

.circuit-2:hover {
  background-color: #FAFBFC;
  color: #3388FF;
}

.circuit-2:hover > span {
  opacity: 1;
}

.circuit-0 {
  display: -webkit-box;
  display: -webkit-flex;
  display: -ms-flexbox;
  display: flex;
  -webkit-flex-direction: column;
  -ms-flex-direction: column;
  flex-direction: column;
  height: 10px;
  width: 5px;
  left: 12px;
  opacity: 0;
  position: absolute;
  top: 50%;
  -webkit-transform: translateY(-50%);
  -ms-transform: translateY(-50%);
  transform: translateY(-50%);
  -webkit-transition: opacity 200ms ease-in-out;
  transition: opacity 200ms ease-in-out;
  fill: #3388FF;
}

.circuit-4 {
  background-color: #FFFFFF;
  border-bottom: 1px solid #D8DDE1;
  padding: 24px;
  text-align: left;
  -webkit-transition: background-color 200ms ease-in-out;
  transition: background-color 200ms ease-in-out;
  vertical-align: middle;
  white-space: nowrap;
  display: none;
  font-size: 13px;
  font-weight: 700;
  padding: 8px 24px;
}

@media (max-width:767px) {
  .circuit-4 {
    display: table-cell;
    min-width: 145px;
    white-space: unset;
    width: 145px;
  }
}

.circuit-8 {
  background-color: #FFFFFF;
  border-bottom: 1px solid #D8DDE1;
  padding: 24px;
  text-align: left;
  -webkit-transition: background-color 200ms ease-in-out,color 200ms ease-in-out;
  transition: background-color 200ms ease-in-out,color 200ms ease-in-out;
  white-space: nowrap;
  color: #5C656F;
  font-size: 13px;
  font-weight: 700;
  padding: 8px 24px;
  vertical-align: middle;
  cursor: pointer;
  position: relative;
  -webkit-user-select: none;
  -moz-user-select: none;
  -ms-user-select: none;
  user-select: none;
}

.circuit-8:hover {
  background-color: #FAFBFC;
  color: #3388FF;
}

.circuit-8:hover > span {
  opacity: 1;
}

.circuit-10 {
  background-color: #FFFFFF;
  border-bottom: 1px solid #D8DDE1;
  padding: 24px;
  text-align: left;
  -webkit-transition: background-color 200ms ease-in-out,color 200ms ease-in-out;
  transition: background-color 200ms ease-in-out,color 200ms ease-in-out;
  white-space: nowrap;
  color: #5C656F;
  font-size: 13px;
  font-weight: 700;
  padding: 8px 24px;
  vertical-align: middle;
}

.circuit-16 {
  background-color: #FFFFFF;
  border-bottom: 1px solid #D8DDE1;
  padding: 24px;
  text-align: left;
  -webkit-transition: background-color 200ms ease-in-out,color 200ms ease-in-out;
  transition: background-color 200ms ease-in-out,color 200ms ease-in-out;
  white-space: nowrap;
}

@media (max-width:767px) {
  .circuit-16 {
    left: 0;
    top: auto;
    position: absolute;
    width: 145px;
    white-space: unset;
  }
}

.circuit-18 {
  background-color: #FFFFFF;
  border-bottom: 1px solid #D8DDE1;
  padding: 24px;
  text-align: left;
  -webkit-transition: background-color 200ms ease-in-out;
  transition: background-color 200ms ease-in-out;
  vertical-align: middle;
  white-space: nowrap;
  display: none;
}

@media (max-width:767px) {
  .circuit-18 {
    display: table-cell;
    min-width: 145px;
    white-space: unset;
    width: 145px;
  }
}

.circuit-20 {
  background-color: #FFFFFF;
  border-bottom: 1px solid #D8DDE1;
  padding: 24px;
  text-align: left;
  -webkit-transition: background-color 200ms ease-in-out;
  transition: background-color 200ms ease-in-out;
  vertical-align: middle;
  white-space: nowrap;
}

<div
  class="circuit-50 circuit-51"
>
  <div
    class="circuit-48 circuit-49"
  >
    <table
      class="circuit-46 circuit-47"
    >
      <thead
        class="circuit-14 circuit-15"
      >
        <tr
          class="circuit-12 circuit-13"
        >
          <th
            aria-sort="none"
            class="circuit-2 circuit-3"
            data-testid="table-header"
            scope="col"
          >
            <span
              class="circuit-0 circuit-1"
            >
              <div>
                arrow.svg
              </div>
              <div>
                arrow.svg
              </div>
            </span>
            Letters
          </th>
          <td
            aria-hidden="true"
            class="circuit-4 circuit-5"
            data-testid="table-cell"
            role="presentation"
          >
            Letters
          </td>
          <th
            aria-sort="none"
            class="circuit-8 circuit-3"
            data-testid="table-header"
            scope="col"
          >
            <span
              class="circuit-0 circuit-1"
            >
              <div>
                arrow.svg
              </div>
              <div>
                arrow.svg
              </div>
            </span>
            Numbers
          </th>
          <th
            class="circuit-10 circuit-3"
            data-testid="table-header"
            scope="col"
          >
            Words
          </th>
        </tr>
      </thead>
      <tbody>
        <tr
          class="circuit-12 circuit-13"
          data-testid="table-row"
        >
          <th
            class="circuit-16 circuit-3"
            data-testid="table-header"
            scope="row"
          >
            b
          </th>
          <td
            aria-hidden="true"
            class="circuit-18 circuit-5"
            data-testid="table-cell"
            role="presentation"
          >
            b
          </td>
          <td
            class="circuit-20 circuit-5"
            data-testid="table-cell"
          >
            3
          </td>
          <td
            class="circuit-20 circuit-5"
            data-testid="table-cell"
          >
            Foo
          </td>
        </tr>
        <tr
          class="circuit-12 circuit-13"
          data-testid="table-row"
        >
          <th
            class="circuit-16 circuit-3"
            data-testid="table-header"
            scope="row"
          >
            a
          </th>
          <td
            aria-hidden="true"
            class="circuit-18 circuit-5"
            data-testid="table-cell"
            role="presentation"
          >
            a
          </td>
          <td
            class="circuit-20 circuit-5"
            data-testid="table-cell"
          >
            1
          </td>
          <td
            class="circuit-20 circuit-5"
            data-testid="table-cell"
          >
            Bar
          </td>
        </tr>
        <tr
          class="circuit-12 circuit-13"
          data-testid="table-row"
        >
          <th
            class="circuit-16 circuit-3"
            data-testid="table-header"
            scope="row"
          >
            c
          </th>
          <td
            aria-hidden="true"
            class="circuit-18 circuit-5"
            data-testid="table-cell"
            role="presentation"
          >
            c
          </td>
          <td
            class="circuit-20 circuit-5"
            data-testid="table-cell"
          >
            2
          </td>
          <td
            class="circuit-20 circuit-5"
            data-testid="table-cell"
          >
            Baz
          </td>
        </tr>
      </tbody>
    </table>
  </div>
</div>
`;

exports[`Table Style tests should render without the table shadow 1`] = `
.circuit-48 {
  border-radius: 4px;
}

@media (max-width:767px) {
  .circuit-48 {
    height: unset;
    margin-left: 145px;
    overflow-x: auto;
  }
}

.circuit-46 {
  background-color: #FFFFFF;
  border-collapse: separate;
  width: 100%;
}

@media (max-width:767px) {
  .circuit-46 {
    margin-left: -145px;
    width: calc(100% + 145px);
  }

  .circuit-46:after {
    content: '';
    background-image: linear-gradient( 90deg,rgba(0,0,0,0.12),transparent );
    height: 100%;
    left: 145px;
    position: absolute;
    top: 0;
    width: 6px;
  }
}

.circuit-12 {
  vertical-align: middle;
}

tbody .circuit-12:last-child th,
tbody .circuit-12:last-child td {
  border-bottom: none;
}

.circuit-2 {
  background-color: #FFFFFF;
  border-bottom: 1px solid #D8DDE1;
  padding: 24px;
  text-align: left;
  -webkit-transition: background-color 200ms ease-in-out,color 200ms ease-in-out;
  transition: background-color 200ms ease-in-out,color 200ms ease-in-out;
  white-space: nowrap;
  color: #5C656F;
  font-size: 13px;
  font-weight: 700;
  padding: 8px 24px;
  vertical-align: middle;
  cursor: pointer;
  position: relative;
  -webkit-user-select: none;
  -moz-user-select: none;
  -ms-user-select: none;
  user-select: none;
}

@media (max-width:767px) {
  .circuit-2 {
    left: 0;
    top: auto;
    position: absolute;
    width: 145px;
    white-space: unset;
  }
}

.circuit-2:hover {
  background-color: #FAFBFC;
  color: #3388FF;
}

.circuit-2:hover > span {
  opacity: 1;
}

.circuit-0 {
  display: -webkit-box;
  display: -webkit-flex;
  display: -ms-flexbox;
  display: flex;
  -webkit-flex-direction: column;
  -ms-flex-direction: column;
  flex-direction: column;
  height: 10px;
  width: 5px;
  left: 12px;
  opacity: 0;
  position: absolute;
  top: 50%;
  -webkit-transform: translateY(-50%);
  -ms-transform: translateY(-50%);
  transform: translateY(-50%);
  -webkit-transition: opacity 200ms ease-in-out;
  transition: opacity 200ms ease-in-out;
  fill: #3388FF;
}

.circuit-4 {
  background-color: #FFFFFF;
  border-bottom: 1px solid #D8DDE1;
  padding: 24px;
  text-align: left;
  -webkit-transition: background-color 200ms ease-in-out;
  transition: background-color 200ms ease-in-out;
  vertical-align: middle;
  white-space: nowrap;
  display: none;
  font-size: 13px;
  font-weight: 700;
  padding: 8px 24px;
}

@media (max-width:767px) {
  .circuit-4 {
    display: table-cell;
    min-width: 145px;
    white-space: unset;
    width: 145px;
  }
}

.circuit-8 {
  background-color: #FFFFFF;
  border-bottom: 1px solid #D8DDE1;
  padding: 24px;
  text-align: left;
  -webkit-transition: background-color 200ms ease-in-out,color 200ms ease-in-out;
  transition: background-color 200ms ease-in-out,color 200ms ease-in-out;
  white-space: nowrap;
  color: #5C656F;
  font-size: 13px;
  font-weight: 700;
  padding: 8px 24px;
  vertical-align: middle;
  cursor: pointer;
  position: relative;
  -webkit-user-select: none;
  -moz-user-select: none;
  -ms-user-select: none;
  user-select: none;
}

.circuit-8:hover {
  background-color: #FAFBFC;
  color: #3388FF;
}

.circuit-8:hover > span {
  opacity: 1;
}

.circuit-10 {
  background-color: #FFFFFF;
  border-bottom: 1px solid #D8DDE1;
  padding: 24px;
  text-align: left;
  -webkit-transition: background-color 200ms ease-in-out,color 200ms ease-in-out;
  transition: background-color 200ms ease-in-out,color 200ms ease-in-out;
  white-space: nowrap;
  color: #5C656F;
  font-size: 13px;
  font-weight: 700;
  padding: 8px 24px;
  vertical-align: middle;
}

.circuit-16 {
  background-color: #FFFFFF;
  border-bottom: 1px solid #D8DDE1;
  padding: 24px;
  text-align: left;
  -webkit-transition: background-color 200ms ease-in-out,color 200ms ease-in-out;
  transition: background-color 200ms ease-in-out,color 200ms ease-in-out;
  white-space: nowrap;
}

@media (max-width:767px) {
  .circuit-16 {
    left: 0;
    top: auto;
    position: absolute;
    width: 145px;
    white-space: unset;
  }
}

.circuit-18 {
  background-color: #FFFFFF;
  border-bottom: 1px solid #D8DDE1;
  padding: 24px;
  text-align: left;
  -webkit-transition: background-color 200ms ease-in-out;
  transition: background-color 200ms ease-in-out;
  vertical-align: middle;
  white-space: nowrap;
  display: none;
}

@media (max-width:767px) {
  .circuit-18 {
    display: table-cell;
    min-width: 145px;
    white-space: unset;
    width: 145px;
  }
}

.circuit-20 {
  background-color: #FFFFFF;
  border-bottom: 1px solid #D8DDE1;
  padding: 24px;
  text-align: left;
  -webkit-transition: background-color 200ms ease-in-out;
  transition: background-color 200ms ease-in-out;
  vertical-align: middle;
  white-space: nowrap;
}

.circuit-50 {
  position: relative;
  box-shadow: 0 0 0 1px rgba(12,15,20,0.02), 0 0 1px 0 rgba(12,15,20,0.06), 0 2px 2px 0 rgba(12,15,20,0.06);
  box-shadow: none;
}

<div
  class="circuit-50 circuit-51"
>
  <div
    class="circuit-48 circuit-49"
  >
    <table
      class="circuit-46 circuit-47"
    >
      <thead
        class="circuit-14 circuit-15"
      >
        <tr
          class="circuit-12 circuit-13"
        >
          <th
            aria-sort="none"
            class="circuit-2 circuit-3"
            data-testid="table-header"
            scope="col"
          >
            <span
              class="circuit-0 circuit-1"
            >
              <div>
                arrow.svg
              </div>
              <div>
                arrow.svg
              </div>
            </span>
            Letters
          </th>
          <td
            aria-hidden="true"
            class="circuit-4 circuit-5"
            data-testid="table-cell"
            role="presentation"
          >
            Letters
          </td>
          <th
            aria-sort="none"
            class="circuit-8 circuit-3"
            data-testid="table-header"
            scope="col"
          >
            <span
              class="circuit-0 circuit-1"
            >
              <div>
                arrow.svg
              </div>
              <div>
                arrow.svg
              </div>
            </span>
            Numbers
          </th>
          <th
            class="circuit-10 circuit-3"
            data-testid="table-header"
            scope="col"
          >
            Words
          </th>
        </tr>
      </thead>
      <tbody>
        <tr
          class="circuit-12 circuit-13"
          data-testid="table-row"
        >
          <th
            class="circuit-16 circuit-3"
            data-testid="table-header"
            scope="row"
          >
            b
          </th>
          <td
            aria-hidden="true"
            class="circuit-18 circuit-5"
            data-testid="table-cell"
            role="presentation"
          >
            b
          </td>
          <td
            class="circuit-20 circuit-5"
            data-testid="table-cell"
          >
            3
          </td>
          <td
            class="circuit-20 circuit-5"
            data-testid="table-cell"
          >
            Foo
          </td>
        </tr>
        <tr
          class="circuit-12 circuit-13"
          data-testid="table-row"
        >
          <th
            class="circuit-16 circuit-3"
            data-testid="table-header"
            scope="row"
          >
            a
          </th>
          <td
            aria-hidden="true"
            class="circuit-18 circuit-5"
            data-testid="table-cell"
            role="presentation"
          >
            a
          </td>
          <td
            class="circuit-20 circuit-5"
            data-testid="table-cell"
          >
            1
          </td>
          <td
            class="circuit-20 circuit-5"
            data-testid="table-cell"
          >
            Bar
          </td>
        </tr>
        <tr
          class="circuit-12 circuit-13"
          data-testid="table-row"
        >
          <th
            class="circuit-16 circuit-3"
            data-testid="table-header"
            scope="row"
          >
            c
          </th>
          <td
            aria-hidden="true"
            class="circuit-18 circuit-5"
            data-testid="table-cell"
            role="presentation"
          >
            c
          </td>
          <td
            class="circuit-20 circuit-5"
            data-testid="table-cell"
          >
            2
          </td>
          <td
            class="circuit-20 circuit-5"
            data-testid="table-cell"
          >
            Baz
          </td>
        </tr>
      </tbody>
    </table>
  </div>
</div>
`;
