// Jest Snapshot v1, https://goo.gl/fbAQLP

exports[`CardSchemes should render with default styles 1`] = `
.circuit-115 {
  display: block;
  line-height: 0;
  text-align: center;
}

.circuit-3 {
  box-sizing: content-box;
  display: inline-block;
  padding: 8px;
}

.circuit-1 {
  height: 32px;
  width: auto;
  max-width: 56px;
}

.circuit-0 {
  width: auto;
  max-width: 100%;
  height: 100%;
  display: inline-block;
  line-height: 0;
}

<ul
  class="circuit-115 circuit-116"
>
  <li
    class="circuit-3 circuit-4"
  >
    <div
      class="circuit-1 circuit-2"
    >
      <div
        aria-label="icon amex"
        class="circuit-0"
        role="img"
      >
        amex.svg
      </div>
    </div>
  </li>
  <li
    class="circuit-3 circuit-4"
  >
    <div
      class="circuit-1 circuit-2"
    >
      <div
        aria-label="icon diners"
        class="circuit-0"
        role="img"
      >
        diners.svg
      </div>
    </div>
  </li>
  <li
    class="circuit-3 circuit-4"
  >
    <div
      class="circuit-1 circuit-2"
    >
      <div
        aria-label="icon discover"
        class="circuit-0"
        role="img"
      >
        discover.svg
      </div>
    </div>
  </li>
  <li
    class="circuit-3 circuit-4"
  >
    <div
      class="circuit-1 circuit-2"
    >
      <div
        aria-label="icon ec"
        class="circuit-0"
        role="img"
      >
        ec.svg
      </div>
    </div>
  </li>
  <li
    class="circuit-3 circuit-4"
  >
    <div
      class="circuit-1 circuit-2"
    >
      <div
        aria-label="icon elo"
        class="circuit-0"
        role="img"
      >
        elo.svg
      </div>
    </div>
  </li>
  <li
    class="circuit-3 circuit-4"
  >
    <div
      class="circuit-1 circuit-2"
    >
      <div
        aria-label="icon elv"
        class="circuit-0"
        role="img"
      >
        elv.svg
      </div>
    </div>
  </li>
  <li
    class="circuit-3 circuit-4"
  >
    <div
      class="circuit-1 circuit-2"
    >
      <div
        aria-label="icon hiper"
        class="circuit-0"
        role="img"
      >
        hiper.svg
      </div>
    </div>
  </li>
  <li
    class="circuit-3 circuit-4"
  >
    <div
      class="circuit-1 circuit-2"
    >
      <div
        aria-label="icon hipercard"
        class="circuit-0"
        role="img"
      >
        hipercard.svg
      </div>
    </div>
  </li>
  <li
    class="circuit-3 circuit-4"
  >
    <div
      class="circuit-1 circuit-2"
    >
      <div
        aria-label="icon jcb"
        class="circuit-0"
        role="img"
      >
        jcb.svg
      </div>
    </div>
  </li>
  <li
    class="circuit-3 circuit-4"
  >
    <div
      class="circuit-1 circuit-2"
    >
      <div
        aria-label="icon maestro"
        class="circuit-0"
        role="img"
      >
        maestro.svg
      </div>
    </div>
  </li>
  <li
    class="circuit-3 circuit-4"
  >
    <div
      class="circuit-1 circuit-2"
    >
      <div
        aria-label="icon mastercard"
        class="circuit-0"
        role="img"
      >
        mastercard.svg
      </div>
    </div>
  </li>
  <li
    class="circuit-3 circuit-4"
  >
    <div
      class="circuit-1 circuit-2"
    >
      <div
        aria-label="icon visaElectron"
        class="circuit-0"
        role="img"
      >
        visa-electron.svg
      </div>
    </div>
  </li>
  <li
    class="circuit-3 circuit-4"
  >
    <div
      class="circuit-1 circuit-2"
    >
      <div
        aria-label="icon visa"
        class="circuit-0"
        role="img"
      >
        visa.svg
      </div>
    </div>
  </li>
  <li
    class="circuit-3 circuit-4"
  >
    <div
      class="circuit-1 circuit-2"
    >
      <div
        aria-label="icon vpay"
        class="circuit-0"
        role="img"
      >
        vpay.svg
      </div>
    </div>
  </li>
  <li
    class="circuit-3 circuit-4"
  >
    <div
      class="circuit-1 circuit-2"
    >
      <div
        aria-label="icon cash"
        class="circuit-0"
        role="img"
      >
        cash.svg
      </div>
    </div>
  </li>
  <li
    class="circuit-3 circuit-4"
  >
    <div
      class="circuit-1 circuit-2"
    >
      <div
        aria-label="icon googlePay"
        class="circuit-0"
        role="img"
      >
        google-pay.svg
      </div>
    </div>
  </li>
  <li
    class="circuit-3 circuit-4"
  >
    <div
      class="circuit-1 circuit-2"
    >
      <div
        aria-label="icon applePay"
        class="circuit-0"
        role="img"
      >
        apple-pay.svg
      </div>
    </div>
  </li>
  <li
    class="circuit-3 circuit-4"
  >
    <div
      class="circuit-1 circuit-2"
    >
      <div
        aria-label="icon bancoEstado"
        class="circuit-0"
        role="img"
      >
        banco-estado.svg
      </div>
    </div>
  </li>
  <li
    class="circuit-3 circuit-4"
  >
    <div
      class="circuit-1 circuit-2"
    >
      <div
        aria-label="icon dankort"
        class="circuit-0"
        role="img"
      >
        dankort.svg
      </div>
    </div>
  </li>
  <li
    class="circuit-3 circuit-4"
  >
    <div
      class="circuit-1 circuit-2"
    >
      <div
        aria-label="icon nfc"
        class="circuit-0"
        role="img"
      >
        nfc.svg
      </div>
    </div>
  </li>
  <li
    class="circuit-3 circuit-4"
  >
    <div
      class="circuit-1 circuit-2"
    >
      <div
        aria-label="icon unionPay"
        class="circuit-0"
        role="img"
      >
        union-pay.svg
      </div>
    </div>
  </li>
  <li
    class="circuit-3 circuit-4"
  >
    <div
      class="circuit-1 circuit-2"
    >
      <div
        aria-label="icon redCompra"
        class="circuit-0"
        role="img"
      >
        red-compra.svg
      </div>
    </div>
  </li>
  <li
    class="circuit-3 circuit-4"
  >
    <div
      class="circuit-1 circuit-2"
    >
      <div
        aria-label="icon default"
        class="circuit-0"
        role="img"
      >
        unknown.svg
      </div>
    </div>
  </li>
</ul>
`;
